Microchip MPLAB XC8 Compiler V1.41 ()

Linker command line:

-W-3 --edf=F:\MPLAB XC8\MPLAB XC8\dat\en_msgs.txt -cs \
  -h+dist/default/debug\Zensui.X.debug.sym \
  --cmf=dist/default/debug\Zensui.X.debug.cmf -z -Q16F1508 \
  -oD:\QQPCmgr\Temp\s8ag.2 -Mdist/default/debug/Zensui.X.debug.map -E1 \
  -ver=XC8 -ASTACK=02049h-020dfh -pstack=STACK -ACODE=00h-07FFhx2 \
  -ASTRCODE=00h-0FFFh -ASTRING=00h-0FFhx16 -ACONST=00h-0FFhx16 \
  -AENTRY=00h-0FFhx16 -ACOMMON=070h-07Fh -ABANK0=020h-06Fh \
  -ABANK1=0A0h-0EFh -ABANK2=0120h-015Fh -ABIGRAM=02000h-020DFh \
  -ARAM=020h-06Fh,0A0h-0EFh,0120h-015Fh \
  -AABS1=020h-07Fh,0A0h-0EFh,0120h-016Fh -ASFR0=00h-01Fh -ASFR1=080h-09Fh \
  -ASFR2=0100h-011Fh -ASFR3=0180h-01EFh -ASFR4=0200h-026Fh \
  -ASFR5=0280h-02EFh -ASFR6=0300h-036Fh -ASFR7=0380h-03EFh \
  -ASFR8=0400h-046Fh -ASFR9=0480h-04EFh -ASFR10=0500h-056Fh \
  -ASFR11=0580h-05EFh -ASFR12=0600h-066Fh -ASFR13=0680h-06EFh \
  -ASFR14=0700h-076Fh -ASFR15=0780h-07EFh -ASFR16=0800h-086Fh \
  -ASFR17=0880h-08EFh -ASFR18=0900h-096Fh -ASFR19=0980h-09EFh \
  -ASFR20=0A00h-0A6Fh -ASFR21=0A80h-0AEFh -ASFR22=0B00h-0B6Fh \
  -ASFR23=0B80h-0BEFh -ASFR24=0C00h-0C6Fh -ASFR25=0C80h-0CEFh \
  -ASFR26=0D00h-0D6Fh -ASFR27=0D80h-0DEFh -ASFR28=0E00h-0E6Fh \
  -ASFR29=0E80h-0EEFh -ASFR30=0F00h-0F6Fh -ASFR31=0F80h-0FEFh \
  -preset_vec=00h,intentry=04h,init,end_init -ppowerup=CODE -pcinit=CODE \
  -pfunctab=CODE -ACONFIG=08007h-08008h -pconfig=CONFIG -DCONFIG=2 \
  -AIDLOC=08000h-08003h -pidloc=IDLOC -DIDLOC=2 -DCODE=2 -DSTRCODE=2 \
  -DSTRING=2 -DCONST=2 -DENTRY=2 -k D:\QQPCmgr\Temp\s8ag.obj \
  dist/default/debug\Zensui.X.debug.obj 

Object code version is 3.11

Machine type is 16F1508



                Name                               Link     Load   Length Selector   Space Scale
D:\QQPCmgr\Temp\s8ag.obj
                end_init                             1D       1D        2        8       0
                reset_vec                             0        0        3        0       0
                config                             8007     8007        2    1000E       0
dist/default/debug\Zensui.X.debug.obj
                cinit                                1F       1F       12        8       0
                intentry                              4        4       19        8       0
                text37                              60B      60B       18        8       0
                text36                              2DA      2DA       78        8       0
                text35                              588      588       1D        8       0
                text33                              6AC      6AC        3        8       0
                text32                              6A9      6A9        3        8       0
                text31                              5A5      5A5       1C        8       0
                text30                              254      254       86        8       0
                text29                              5DA      5DA       19        8       0
                text28                              5C1      5C1       19        8       0
                text27                              623      623       10        8       0
                text26                               31       31      19B        8       0
                text25                              694      694        5        8       0
                text24                              1CC      1CC       88        8       0
                text23                              3C0      3C0       5D        8       0
                text22                              471      471       4F        8       0
                text21                              506      506       39        8       0
                text20                              41D      41D       54        8       0
                text19                              642      642        D        8       0
                text18                              687      687        7        8       0
                text17                              663      663        8        8       0
                text16                              5F3      5F3       18        8       0
                text15                              680      680        7        8       0
                text14                              679      679        7        8       0
                text13                              672      672        7        8       0
                text12                              66B      66B        7        8       0
                text11                              699      699        4        8       0
                text10                              633      633        F        8       0
                text9                               659      659        A        8       0
                text8                               567      567       21        8       0
                text7                               6A6      6A6        3        8       0
                text6                               6A3      6A3        3        8       0
                text5                               64F      64F        A        8       0
                text4                               352      352       6E        8       0
                text3                               6A0      6A0        3        8       0
                text2                               69D      69D        3        8       0
                text1                               4C0      4C0       46        8       0
                maintext                            53F      53F       28        8       0
                cstackBANK0                          4F       4F       1A       20       1
                cstackCOMMON                         70       70        9       70       1
                clrtext                             68E      68E        6        8       0
                bssBANK0                             20       20       2F       20       1
                dataCOMMON                           7C       7C        1       70       1
                bssCOMMON                            79       79        3       70       1
                idataCOMMON                         6AF      6AF        1        8       0

TOTAL           Name                               Link     Load   Length     Space
        CLASS   STACK          

        CLASS   CODE           
                end_init                             1D       1D        2         0
                cinit                                1F       1F       12         0
                intentry                              4        4       19         0
                reset_vec                             0        0        3         0
                text37                              60B      60B       18         0
                text36                              2DA      2DA       78         0
                text35                              588      588       1D         0
                text33                              6AC      6AC        3         0
                text32                              6A9      6A9        3         0
                text31                              5A5      5A5       1C         0
                text30                              254      254       86         0
                text29                              5DA      5DA       19         0
                text28                              5C1      5C1       19         0
                text27                              623      623       10         0
                text26                               31       31      19B         0
                text25                              694      694        5         0
                text24                              1CC      1CC       88         0
                text23                              3C0      3C0       5D         0
                text22                              471      471       4F         0
                text21                              506      506       39         0
                text20                              41D      41D       54         0
                text19                              642      642        D         0
                text18                              687      687        7         0
                text17                              663      663        8         0
                text16                              5F3      5F3       18         0
                text15                              680      680        7         0
                text14                              679      679        7         0
                text13                              672      672        7         0
                text12                              66B      66B        7         0
                text11                              699      699        4         0
                text10                              633      633        F         0
                text9                               659      659        A         0
                text8                               567      567       21         0
                text7                               6A6      6A6        3         0
                text6                               6A3      6A3        3         0
                text5                               64F      64F        A         0
                text4                               352      352       6E         0
                text3                               6A0      6A0        3         0
                text2                               69D      69D        3         0
                text1                               4C0      4C0       46         0
                maintext                            53F      53F       28         0
                clrtext                             68E      68E        6         0
                idataCOMMON                         6AF      6AF        1         0

        CLASS   STRCODE        

        CLASS   STRING         

        CLASS   CONST          

        CLASS   ENTRY          

        CLASS   COMMON         
                cstackCOMMON                         70       70        9         1
                dataCOMMON                           7C       7C        1         1
                bssCOMMON                            79       79        3         1

        CLASS   BANK0          
                cstackBANK0                          4F       4F       1A         1
                bssBANK0                             20       20       2F         1

        CLASS   BANK1          

        CLASS   BANK2          

        CLASS   BIGRAM         

        CLASS   RAM            

        CLASS   ABS1           
                abs_s1                               7E       7E        2         1

        CLASS   SFR0           

        CLASS   SFR1           

        CLASS   SFR2           

        CLASS   SFR3           

        CLASS   SFR4           

        CLASS   SFR5           

        CLASS   SFR6           

        CLASS   SFR7           

        CLASS   SFR8           

        CLASS   SFR9           

        CLASS   SFR10          

        CLASS   SFR11          

        CLASS   SFR12          

        CLASS   SFR13          

        CLASS   SFR14          

        CLASS   SFR15          

        CLASS   SFR16          

        CLASS   SFR17          

        CLASS   SFR18          

        CLASS   SFR19          

        CLASS   SFR20          

        CLASS   SFR21          

        CLASS   SFR22          

        CLASS   SFR23          

        CLASS   SFR24          

        CLASS   SFR25          

        CLASS   SFR26          

        CLASS   SFR27          

        CLASS   SFR28          

        CLASS   SFR29          

        CLASS   SFR30          

        CLASS   SFR31          

        CLASS   CONFIG         
                config                             8007     8007        2         0

        CLASS   IDLOC          

        CLASS   BANK31         

        CLASS   BANK30         

        CLASS   BANK29         

        CLASS   BANK28         

        CLASS   BANK27         

        CLASS   BANK26         

        CLASS   BANK25         

        CLASS   BANK24         

        CLASS   BANK23         

        CLASS   BANK22         

        CLASS   BANK21         

        CLASS   BANK20         

        CLASS   BANK19         

        CLASS   BANK18         

        CLASS   BANK17         

        CLASS   BANK16         

        CLASS   BANK15         

        CLASS   BANK14         

        CLASS   BANK13         

        CLASS   BANK12         

        CLASS   BANK11         

        CLASS   BANK10         

        CLASS   BANK9          

        CLASS   BANK8          

        CLASS   BANK7          

        CLASS   BANK6          

        CLASS   BANK5          

        CLASS   BANK4          

        CLASS   BANK3          

        CLASS   EEDATA         



SEGMENTS        Name                           Load    Length   Top    Selector   Space  Class     Delta

                reset_vec                      000000  000003  000003         0       0  CODE        2
                intentry                       000004  0006AC  0006B0         8       0  CODE        2
                bssBANK0                       000020  000049  000069        20       1  BANK0       1
                cstackCOMMON                   000070  00000D  00007D        70       1  COMMON      1
                config                         008007  000002  008009     1000E       0  CONFIG      2


UNUSED ADDRESS RANGES

        Name                Unused          Largest block    Delta
        BANK0            00069-0006F               7           1
        BANK1            000A0-000EF              50           1
        BANK2            00120-0015F              40           1
        BIGRAM           02000-020DF              E0           1
        CODE             00003-00003               1           2
                         006B0-00FFF             150
        COMMON           0007D-0007D               1           1
        CONST            00003-00003               1           2
                         006B0-00FFF             100
        ENTRY            00003-00003               1           2
                         006B0-00FFF             100
        IDLOC            08000-08003               4           2
        RAM              00069-0006F               7           1
                         000A0-000EF              50
                         00120-0015F              40
        SFR0             00000-0001F              20           1
        SFR1             00080-0009F              20           1
        SFR10            00500-0056F              70           1
        SFR11            00580-005EF              70           1
        SFR12            00600-0066F              70           1
        SFR13            00680-006EF              70           1
        SFR14            00700-0076F              70           1
        SFR15            00780-007EF              70           1
        SFR16            00800-0086F              70           1
        SFR17            00880-008EF              70           1
        SFR18            00900-0096F              70           1
        SFR19            00980-009EF              70           1
        SFR2             00100-0011F              20           1
        SFR20            00A00-00A6F              70           1
        SFR21            00A80-00AEF              70           1
        SFR22            00B00-00B6F              70           1
        SFR23            00B80-00BEF              70           1
        SFR24            00C00-00C6F              70           1
        SFR25            00C80-00CEF              70           1
        SFR26            00D00-00D6F              70           1
        SFR27            00D80-00DEF              70           1
        SFR28            00E00-00E6F              70           1
        SFR29            00E80-00EEF              70           1
        SFR3             00180-001EF              70           1
        SFR30            00F00-00F6F              70           1
        SFR31            00F80-00FEF              70           1
        SFR4             00200-0026F              70           1
        SFR5             00280-002EF              70           1
        SFR6             00300-0036F              70           1
        SFR7             00380-003EF              70           1
        SFR8             00400-0046F              70           1
        SFR9             00480-004EF              70           1
        STACK            02049-020DF              97           1
        STRCODE          00003-00003               1           2
                         006B0-00FFF             950
        STRING           00003-00003               1           2
                         006B0-00FFF             100

                                  Symbol Table

?___wmul                               cstackBANK0  0004F
AutoMode@dTime                         cstackBANK0  00064
AutoMode@i                             cstackBANK0  00068
AutoMode@pendBright                    cstackBANK0  00067
AutoMode@pstartBright                  cstackBANK0  00066
CheckSum@i                             cstackCOMMON 00075
CheckSum@len                           cstackCOMMON 00070
CheckSum@pbuf                          cstackCOMMON 00073
CheckSum@result                        cstackCOMMON 00074
Decode@index                           bssCOMMON    00079
Decode@rcv                             bssCOMMON    0007A
Decode@state                           bssCOMMON    0007B
I2C_ReadBuffer@i                       cstackBANK0  00055
I2C_ReadBuffer@len                     cstackBANK0  00050
I2C_ReadBuffer@n                       cstackBANK0  00054
I2C_ReadBuffer@pbuf                    cstackBANK0  0004F
I2C_ReadBuffer@suba                    cstackBANK0  00053
I2C_WriteBuffer@i                      cstackBANK0  00054
I2C_WriteBuffer@len                    cstackBANK0  00050
I2C_WriteBuffer@n                      cstackBANK0  00053
I2C_WriteBuffer@pbuf                   cstackBANK0  0004F
I2C_WriteBuffer@suba                   cstackBANK0  00052
LedParaInit@i                          cstackBANK0  00058
LedUpdate@i                            cstackBANK0  0005E
LedUpdatePara@i                        cstackBANK0  00059
PWM1_LoadDutyValue@dutyValue           cstackBANK0  0004F
PWM2_LoadDutyValue@dutyValue           cstackBANK0  0004F
SaveLedPara@cnt                        cstackBANK0  0005B
SaveLedPara@len                        cstackBANK0  0005C
SaveLedPara@offset                     cstackBANK0  0005A
SaveLedPara@pbuf                       cstackBANK0  00059
_ANSELA                                (abs)        0018C
_ANSELB                                (abs)        0018D
_ANSELC                                (abs)        0018E
_AutoMode                              text26       00031
_CheckSSPIF                            text25       00694
_CheckSum                              text37       0060B
_Decode                                text36       002DA
_I2C_Initialize                        text19       00642
_I2C_ReadBuffer                        text24       001CC
_I2C_WriteBuffer                       text22       00471
_INTCONbits                            (abs)        0000B
_INTERRUPT_interruptManager            intentry     00004
_IOCAF                                 (abs)        00393
_IOCBF                                 (abs)        00396
_IOCBFbits                             (abs)        00396
_IOCBNbits                             (abs)        00395
_IOCBPbits                             (abs)        00394
_IR_ReveiveDataStructure               bssBANK0     00036
_InterruptOnChange_Initialize          text18       00687
_LATAbits                              (abs)        0010C
_LATCbits                              (abs)        0010E
_LedParaInit                           text23       003C0
_LedUpdate                             text20       0041D
_LedUpdatePara                         text4        00352
_OPTION_REG                            (abs)        00095
_OSCCON_Initialize                     text17       00663
_OSCCONbits                            (abs)        00099
_OSCSTATbits                           (abs)        0009A
_PIE1bits                              (abs)        00091
_PIN_Initialize                        text16       005F3
_PIR1bits                              (abs)        00011
_PR2                                   (abs)        0001B
_PWM1CONbits                           (abs)        00613
_PWM1DCH                               (abs)        00612
_PWM1DCL                               (abs)        00611
_PWM1_Disable                          text3        006A0
_PWM1_Enable                           text33       006AC
_PWM1_Initialize                       text15       00680
_PWM1_LoadDutyValue                    text29       005DA
_PWM2CONbits                           (abs)        00616
_PWM2DCH                               (abs)        00615
_PWM2DCL                               (abs)        00614
_PWM2_Disable                          text2        0069D
_PWM2_Enable                           text32       006A9
_PWM2_Initialize                       text14       00679
_PWM2_LoadDutyValue                    text28       005C1
_PWM3CONbits                           (abs)        00619
_PWM3DCH                               (abs)        00618
_PWM3DCL                               (abs)        00617
_PWM3_Initialize                       text13       00672
_PWM4CONbits                           (abs)        0061C
_PWM4DCH                               (abs)        0061B
_PWM4DCL                               (abs)        0061A
_PWM4_Initialize                       text12       0066B
_RB7                                   (abs)        0006F
_RunRTC                                text35       00588
_SSP1ADD                               (abs)        00212
_SSP1BUF                               (abs)        00211
_SSP1CON1bits                          (abs)        00215
_SSP1CON2bits                          (abs)        00216
_SSP1CON3bits                          (abs)        00217
_SSP1IF                                (abs)        0008B
_SSP1STATbits                          (abs)        00214
_SYSTEM_Initialize                     text8        00567
_SaveLedPara                           text21       00506
_SaveLedPara$1168                      cstackBANK0  00057
_T1CONbits                             (abs)        00018
_T1GCONbits                            (abs)        00019
_T2CONbits                             (abs)        0001C
_TMR0                                  (abs)        00015
_TMR0_Initialize                       text11       00699
_TMR1_Initialize                       text10       00633
_TMR1_StartTimer                       text7        006A6
_TMR2                                  (abs)        0001A
_TMR2_Initialize                       text9        00659
_TMR2_StartTimer                       text6        006A3
_TRISAbits                             (abs)        0008C
_TRISBbits                             (abs)        0008D
_TRISCbits                             (abs)        0008E
_TimeChangeSec                         text30       00254
_TimeChangeSec$1560                    cstackBANK0  0005B
_UpdatePWM                             text27       00623
_UpdateRTC                             text5        0064F
_WPUBbits                              (abs)        0020D
__CFG_BOREN$OFF                        (abs)        00000
__CFG_BORV$LO                          (abs)        00000
__CFG_CLKOUTEN$OFF                     (abs)        00000
__CFG_CP$OFF                           (abs)        00000
__CFG_FCMEN$OFF                        (abs)        00000
__CFG_FOSC$INTOSC                      (abs)        00000
__CFG_IESO$OFF                         (abs)        00000
__CFG_LPBOR$OFF                        (abs)        00000
__CFG_LVP$OFF                          (abs)        00000
__CFG_MCLRE$ON                         (abs)        00000
__CFG_PWRTE$OFF                        (abs)        00000
__CFG_STVREN$ON                        (abs)        00000
__CFG_WDTE$OFF                         (abs)        00000
__CFG_WRT$OFF                          (abs)        00000
__Habs1                                abs1         00000
__Hbank0                               bank0        00000
__Hbank1                               bank1        00000
__Hbank10                              bank10       00000
__Hbank11                              bank11       00000
__Hbank12                              bank12       00000
__Hbank13                              bank13       00000
__Hbank14                              bank14       00000
__Hbank15                              bank15       00000
__Hbank16                              bank16       00000
__Hbank17                              bank17       00000
__Hbank18                              bank18       00000
__Hbank19                              bank19       00000
__Hbank2                               bank2        00000
__Hbank20                              bank20       00000
__Hbank21                              bank21       00000
__Hbank22                              bank22       00000
__Hbank23                              bank23       00000
__Hbank24                              bank24       00000
__Hbank25                              bank25       00000
__Hbank26                              bank26       00000
__Hbank27                              bank27       00000
__Hbank28                              bank28       00000
__Hbank29                              bank29       00000
__Hbank3                               bank3        00000
__Hbank30                              bank30       00000
__Hbank31                              bank31       00000
__Hbank4                               bank4        00000
__Hbank5                               bank5        00000
__Hbank6                               bank6        00000
__Hbank7                               bank7        00000
__Hbank8                               bank8        00000
__Hbank9                               bank9        00000
__Hbigram                              bigram       00000
__HbssBANK0                            bssBANK0     00000
__HbssCOMMON                           bssCOMMON    00000
__Hcinit                               cinit        00031
__Hclrtext                             clrtext      00000
__Hcode                                code         00000
__Hcommon                              common       00000
__Hconfig                              config       08009
__HcstackBANK0                         cstackBANK0  00000
__HcstackCOMMON                        cstackCOMMON 00000
__HdataCOMMON                          dataCOMMON   00000
__Heeprom_data                         eeprom_data  00000
__Hend_init                            end_init     0001F
__Hfunctab                             functab      00000
__HidataCOMMON                         idataCOMMON  00000
__Hidloc                               idloc        00000
__Hinit                                init         0001D
__Hintentry                            intentry     0001D
__Hmaintext                            maintext     00000
__Hpowerup                             powerup      00000
__Hram                                 ram          00000
__Hreset_vec                           reset_vec    00003
__Hsfr0                                sfr0         00000
__Hsfr1                                sfr1         00000
__Hsfr10                               sfr10        00000
__Hsfr11                               sfr11        00000
__Hsfr12                               sfr12        00000
__Hsfr13                               sfr13        00000
__Hsfr14                               sfr14        00000
__Hsfr15                               sfr15        00000
__Hsfr16                               sfr16        00000
__Hsfr17                               sfr17        00000
__Hsfr18                               sfr18        00000
__Hsfr19                               sfr19        00000
__Hsfr2                                sfr2         00000
__Hsfr20                               sfr20        00000
__Hsfr21                               sfr21        00000
__Hsfr22                               sfr22        00000
__Hsfr23                               sfr23        00000
__Hsfr24                               sfr24        00000
__Hsfr25                               sfr25        00000
__Hsfr26                               sfr26        00000
__Hsfr27                               sfr27        00000
__Hsfr28                               sfr28        00000
__Hsfr29                               sfr29        00000
__Hsfr3                                sfr3         00000
__Hsfr30                               sfr30        00000
__Hsfr31                               sfr31        00000
__Hsfr4                                sfr4         00000
__Hsfr5                                sfr5         00000
__Hsfr6                                sfr6         00000
__Hsfr7                                sfr7         00000
__Hsfr8                                sfr8         00000
__Hsfr9                                sfr9         00000
__Hspace_0                             (abs)        08009
__Hspace_1                             (abs)        0007D
__Hspace_2                             (abs)        00000
__Hspace_3                             (abs)        00000
__Hstack                               stack        00000
__Hstrings                             strings      00000
__Htext                                text         00000
__Labs1                                abs1         00000
__Lbank0                               bank0        00000
__Lbank1                               bank1        00000
__Lbank10                              bank10       00000
__Lbank11                              bank11       00000
__Lbank12                              bank12       00000
__Lbank13                              bank13       00000
__Lbank14                              bank14       00000
__Lbank15                              bank15       00000
__Lbank16                              bank16       00000
__Lbank17                              bank17       00000
__Lbank18                              bank18       00000
__Lbank19                              bank19       00000
__Lbank2                               bank2        00000
__Lbank20                              bank20       00000
__Lbank21                              bank21       00000
__Lbank22                              bank22       00000
__Lbank23                              bank23       00000
__Lbank24                              bank24       00000
__Lbank25                              bank25       00000
__Lbank26                              bank26       00000
__Lbank27                              bank27       00000
__Lbank28                              bank28       00000
__Lbank29                              bank29       00000
__Lbank3                               bank3        00000
__Lbank30                              bank30       00000
__Lbank31                              bank31       00000
__Lbank4                               bank4        00000
__Lbank5                               bank5        00000
__Lbank6                               bank6        00000
__Lbank7                               bank7        00000
__Lbank8                               bank8        00000
__Lbank9                               bank9        00000
__Lbigram                              bigram       00000
__LbssBANK0                            bssBANK0     00000
__LbssCOMMON                           bssCOMMON    00000
__Lcinit                               cinit        0001F
__Lclrtext                             clrtext      00000
__Lcode                                code         00000
__Lcommon                              common       00000
__Lconfig                              config       08007
__LcstackBANK0                         cstackBANK0  00000
__LcstackCOMMON                        cstackCOMMON 00000
__LdataCOMMON                          dataCOMMON   00000
__Leeprom_data                         eeprom_data  00000
__Lend_init                            end_init     0001D
__Lfunctab                             functab      00000
__LidataCOMMON                         idataCOMMON  00000
__Lidloc                               idloc        00000
__Linit                                init         0001D
__Lintentry                            intentry     00004
__Lmaintext                            maintext     00000
__Lpowerup                             powerup      00000
__Lram                                 ram          00000
__Lreset_vec                           reset_vec    00000
__Lsfr0                                sfr0         00000
__Lsfr1                                sfr1         00000
__Lsfr10                               sfr10        00000
__Lsfr11                               sfr11        00000
__Lsfr12                               sfr12        00000
__Lsfr13                               sfr13        00000
__Lsfr14                               sfr14        00000
__Lsfr15                               sfr15        00000
__Lsfr16                               sfr16        00000
__Lsfr17                               sfr17        00000
__Lsfr18                               sfr18        00000
__Lsfr19                               sfr19        00000
__Lsfr2                                sfr2         00000
__Lsfr20                               sfr20        00000
__Lsfr21                               sfr21        00000
__Lsfr22                               sfr22        00000
__Lsfr23                               sfr23        00000
__Lsfr24                               sfr24        00000
__Lsfr25                               sfr25        00000
__Lsfr26                               sfr26        00000
__Lsfr27                               sfr27        00000
__Lsfr28                               sfr28        00000
__Lsfr29                               sfr29        00000
__Lsfr3                                sfr3         00000
__Lsfr30                               sfr30        00000
__Lsfr31                               sfr31        00000
__Lsfr4                                sfr4         00000
__Lsfr5                                sfr5         00000
__Lsfr6                                sfr6         00000
__Lsfr7                                sfr7         00000
__Lsfr8                                sfr8         00000
__Lsfr9                                sfr9         00000
__Lspace_0                             (abs)        00000
__Lspace_1                             (abs)        00000
__Lspace_2                             (abs)        00000
__Lspace_3                             (abs)        00000
__Lstack                               stack        00000
__Lstrings                             strings      00000
__Ltext                                text         00000
__S0                                   (abs)        08009
__S1                                   (abs)        0007D
__S2                                   (abs)        00000
___int_sp                              stack        00000
___latbits                             (abs)        00001
___sp                                  stack        00000
___wmul                                text31       005A5
___wmul@multiplicand                   cstackBANK0  00051
___wmul@multiplier                     cstackBANK0  0004F
___wmul@product                        cstackBANK0  00053
__end_of_AutoMode                      text26       001CC
__end_of_CheckSSPIF                    text25       00699
__end_of_CheckSum                      text37       00623
__end_of_Decode                        text36       00352
__end_of_I2C_Initialize                text19       0064F
__end_of_I2C_ReadBuffer                text24       00254
__end_of_I2C_WriteBuffer               text22       004C0
__end_of_INTERRUPT_interruptManager    intentry     0001D
__end_of_InterruptOnChange_Initialize  text18       0068E
__end_of_LedParaInit                   text23       0041D
__end_of_LedUpdate                     text20       00471
__end_of_LedUpdatePara                 text4        003C0
__end_of_OSCCON_Initialize             text17       0066B
__end_of_PIN_Initialize                text16       0060B
__end_of_PWM1_Disable                  text3        006A3
__end_of_PWM1_Enable                   text33       006AF
__end_of_PWM1_Initialize               text15       00687
__end_of_PWM1_LoadDutyValue            text29       005F3
__end_of_PWM2_Disable                  text2        006A0
__end_of_PWM2_Enable                   text32       006AC
__end_of_PWM2_Initialize               text14       00680
__end_of_PWM2_LoadDutyValue            text28       005DA
__end_of_PWM3_Initialize               text13       00679
__end_of_PWM4_Initialize               text12       00672
__end_of_RunRTC                        text35       005A5
__end_of_SYSTEM_Initialize             text8        00588
__end_of_SaveLedPara                   text21       0053F
__end_of_TMR0_Initialize               text11       0069D
__end_of_TMR1_Initialize               text10       00642
__end_of_TMR1_StartTimer               text7        006A9
__end_of_TMR2_Initialize               text9        00663
__end_of_TMR2_StartTimer               text6        006A6
__end_of_TimeChangeSec                 text30       002DA
__end_of_UpdatePWM                     text27       00633
__end_of_UpdateRTC                     text5        00659
__end_of___wmul                        text31       005C1
__end_of__initialization               cinit        0002D
__end_of_main                          maintext     00567
__end_of_manualMode                    text1        00506
__initialization                       cinit        0001F
__pbssBANK0                            bssBANK0     00020
__pbssCOMMON                           bssCOMMON    00079
__pcstackBANK0                         cstackBANK0  0004F
__pcstackCOMMON                        cstackCOMMON 00070
__pdataCOMMON                          dataCOMMON   0007C
__pidataCOMMON                         idataCOMMON  006AF
__pintentry                            intentry     00004
__pmaintext                            maintext     0053F
__ptext1                               text1        004C0
__ptext10                              text10       00633
__ptext11                              text11       00699
__ptext12                              text12       0066B
__ptext13                              text13       00672
__ptext14                              text14       00679
__ptext15                              text15       00680
__ptext16                              text16       005F3
__ptext17                              text17       00663
__ptext18                              text18       00687
__ptext19                              text19       00642
__ptext2                               text2        0069D
__ptext20                              text20       0041D
__ptext21                              text21       00506
__ptext22                              text22       00471
__ptext23                              text23       003C0
__ptext24                              text24       001CC
__ptext25                              text25       00694
__ptext26                              text26       00031
__ptext27                              text27       00623
__ptext28                              text28       005C1
__ptext29                              text29       005DA
__ptext3                               text3        006A0
__ptext30                              text30       00254
__ptext31                              text31       005A5
__ptext32                              text32       006A9
__ptext33                              text33       006AC
__ptext35                              text35       00588
__ptext36                              text36       002DA
__ptext37                              text37       0060B
__ptext4                               text4        00352
__ptext5                               text5        0064F
__ptext6                               text6        006A3
__ptext7                               text7        006A6
__ptext8                               text8        00567
__ptext9                               text9        00659
__size_of_AutoMode                     (abs)        00000
__size_of_CheckSSPIF                   (abs)        00000
__size_of_CheckSum                     (abs)        00000
__size_of_Decode                       (abs)        00000
__size_of_I2C_Initialize               (abs)        00000
__size_of_I2C_ReadBuffer               (abs)        00000
__size_of_I2C_WriteBuffer              (abs)        00000
__size_of_INTERRUPT_interruptManager   (abs)        00000
__size_of_InterruptOnChange_Initialize (abs)        00000
__size_of_LedParaInit                  (abs)        00000
__size_of_LedUpdate                    (abs)        00000
__size_of_LedUpdatePara                (abs)        00000
__size_of_OSCCON_Initialize            (abs)        00000
__size_of_PIN_Initialize               (abs)        00000
__size_of_PWM1_Disable                 (abs)        00000
__size_of_PWM1_Enable                  (abs)        00000
__size_of_PWM1_Initialize              (abs)        00000
__size_of_PWM1_LoadDutyValue           (abs)        00000
__size_of_PWM2_Disable                 (abs)        00000
__size_of_PWM2_Enable                  (abs)        00000
__size_of_PWM2_Initialize              (abs)        00000
__size_of_PWM2_LoadDutyValue           (abs)        00000
__size_of_PWM3_Initialize              (abs)        00000
__size_of_PWM4_Initialize              (abs)        00000
__size_of_RunRTC                       (abs)        00000
__size_of_SYSTEM_Initialize            (abs)        00000
__size_of_SaveLedPara                  (abs)        00000
__size_of_TMR0_Initialize              (abs)        00000
__size_of_TMR1_Initialize              (abs)        00000
__size_of_TMR1_StartTimer              (abs)        00000
__size_of_TMR2_Initialize              (abs)        00000
__size_of_TMR2_StartTimer              (abs)        00000
__size_of_TimeChangeSec                (abs)        00000
__size_of_UpdatePWM                    (abs)        00000
__size_of_UpdateRTC                    (abs)        00000
__size_of___wmul                       (abs)        00000
__size_of_main                         (abs)        00000
__size_of_manualMode                   (abs)        00000
_gCurrentTime                          bssBANK0     0002E
_gLedPara                              bssBANK0     00044
_gLedRunPara                           bssBANK0     00020
_gRunPara                              bssBANK0     00032
_gRunState                             bssBANK0     00035
_main                                  maintext     0053F
_manualMode                            text1        004C0
btemp                                  (abs)        0007E
clear_ram0                             clrtext      0068E
end_of_initialization                  cinit        0002D
int$flags                              (abs)        0007E
intlevel0                              functab      00000
intlevel1                              functab      00000
intlevel2                              functab      00000
intlevel3                              functab      00000
intlevel4                              functab      00000
intlevel5                              functab      00000
reset_vec                              reset_vec    00000
stackhi                                (abs)        020DF
stacklo                                (abs)        02049
start                                  init         0001D
start_initialization                   cinit        0001F
wtemp0                                 (abs)        0007E


FUNCTION INFORMATION:

 *************** function _main *****************
 Defined at:
		line 35 in file "main.c"
 Parameters:    Size  Location     Type
		None
 Auto vars:     Size  Location     Type
		None
 Return value:  Size  Location     Type
                  1    wreg      void 
 Registers used:
		wreg, fsr0l, fsr0h, fsr1l, fsr1h, status,2, status,0, pclath, cstack
 Tracked objects:
		On entry : 
		On exit  : 
		Unchanged: 
 Data sizes:     COMMON   BANK0   BANK1   BANK2
      Params:         0       0       0       0
      Locals:         0       0       0       0
      Temps:          0       0       0       0
      Totals:         0       0       0       0
Total ram usage:        0 bytes
 Hardware stack levels required when called:    7
 This function calls:
		_AutoMode
		_LedParaInit
		_LedUpdate
		_SYSTEM_Initialize
		_TMR1_StartTimer
		_TMR2_StartTimer
		_UpdateRTC
		_manualMode
 This function is called by:
		Startup code after reset
 This function uses a non-reentrant model


 *************** function _manualMode *****************
 Defined at:
		line 82 in file "led.c"
 Parameters:    Size  Location     Type
		None
 Auto vars:     Size  Location     Type
  i               1    0        unsigned char 
 Return value:  Size  Location     Type
                  1    wreg      void 
 Registers used:
		wreg, fsr0l, fsr0h, fsr1l, fsr1h, status,2, status,0, pclath, cstack
 Tracked objects:
		On entry : 
		On exit  : 
		Unchanged: 
 Data sizes:     COMMON   BANK0   BANK1   BANK2
      Params:         0       0       0       0
      Locals:         0       0       0       0
      Temps:          0       2       0       0
      Totals:         0       2       0       0
Total ram usage:        2 bytes
 Hardware stack levels used:    1
 Hardware stack levels required when called:    6
 This function calls:
		_LedUpdatePara
		_PWM1_Disable
		_PWM1_Enable
		_PWM2_Disable
		_PWM2_Enable
		___wmul
 This function is called by:
		_main
 This function uses a non-reentrant model


 *************** function _PWM2_Disable *****************
 Defined at:
		line 38 in file "pwm.c"
 Parameters:    Size  Location     Type
		None
 Auto vars:     Size  Location     Type
		None
 Return value:  Size  Location     Type
                  1    wreg      void 
 Registers used:
		None
 Tracked objects:
		On entry : 
		On exit  : 
		Unchanged: 
 Data sizes:     COMMON   BANK0   BANK1   BANK2
      Params:         0       0       0       0
      Locals:         0       0       0       0
      Temps:          0       0       0       0
      Totals:         0       0       0       0
Total ram usage:        0 bytes
 Hardware stack levels used:    1
 Hardware stack levels required when called:    3
 This function calls:
		Nothing
 This function is called by:
		_manualMode
 This function uses a non-reentrant model


 *************** function _PWM1_Disable *****************
 Defined at:
		line 16 in file "pwm.c"
 Parameters:    Size  Location     Type
		None
 Auto vars:     Size  Location     Type
		None
 Return value:  Size  Location     Type
                  1    wreg      void 
 Registers used:
		None
 Tracked objects:
		On entry : 
		On exit  : 
		Unchanged: 
 Data sizes:     COMMON   BANK0   BANK1   BANK2
      Params:         0       0       0       0
      Locals:         0       0       0       0
      Temps:          0       0       0       0
      Totals:         0       0       0       0
Total ram usage:        0 bytes
 Hardware stack levels used:    1
 Hardware stack levels required when called:    3
 This function calls:
		Nothing
 This function is called by:
		_manualMode
 This function uses a non-reentrant model


 *************** function _LedUpdatePara *****************
 Defined at:
		line 61 in file "led.c"
 Parameters:    Size  Location     Type
		None
 Auto vars:     Size  Location     Type
  i               1   10[BANK0 ] unsigned char 
 Return value:  Size  Location     Type
                  1    wreg      void 
 Registers used:
		wreg, fsr0l, fsr0h, fsr1l, fsr1h, status,2, status,0, pclath, cstack
 Tracked objects:
		On entry : 
		On exit  : 
		Unchanged: 
 Data sizes:     COMMON   BANK0   BANK1   BANK2
      Params:         0       0       0       0
      Locals:         0       1       0       0
      Temps:          0       6       0       0
      Totals:         0       7       0       0
Total ram usage:        7 bytes
 Hardware stack levels used:    1
 Hardware stack levels required when called:    5
 This function calls:
		_UpdatePWM
 This function is called by:
		_manualMode
 This function uses a non-reentrant model


 *************** function _UpdateRTC *****************
 Defined at:
		line 6 in file "rtc.c"
 Parameters:    Size  Location     Type
		None
 Auto vars:     Size  Location     Type
		None
 Return value:  Size  Location     Type
                  1    wreg      void 
 Registers used:
		wreg
 Tracked objects:
		On entry : 
		On exit  : 
		Unchanged: 
 Data sizes:     COMMON   BANK0   BANK1   BANK2
      Params:         0       0       0       0
      Locals:         0       0       0       0
      Temps:          0       1       0       0
      Totals:         0       1       0       0
Total ram usage:        1 bytes
 Hardware stack levels used:    1
 Hardware stack levels required when called:    3
 This function calls:
		Nothing
 This function is called by:
		_main
 This function uses a non-reentrant model


 *************** function _TMR2_StartTimer *****************
 Defined at:
		line 35 in file "tmr.c"
 Parameters:    Size  Location     Type
		None
 Auto vars:     Size  Location     Type
		None
 Return value:  Size  Location     Type
                  1    wreg      void 
 Registers used:
		None
 Tracked objects:
		On entry : 
		On exit  : 
		Unchanged: 
 Data sizes:     COMMON   BANK0   BANK1   BANK2
      Params:         0       0       0       0
      Locals:         0       0       0       0
      Temps:          0       0       0       0
      Totals:         0       0       0       0
Total ram usage:        0 bytes
 Hardware stack levels used:    1
 Hardware stack levels required when called:    3
 This function calls:
		Nothing
 This function is called by:
		_main
 This function uses a non-reentrant model


 *************** function _TMR1_StartTimer *****************
 Defined at:
		line 27 in file "tmr.c"
 Parameters:    Size  Location     Type
		None
 Auto vars:     Size  Location     Type
		None
 Return value:  Size  Location     Type
                  1    wreg      void 
 Registers used:
		None
 Tracked objects:
		On entry : 
		On exit  : 
		Unchanged: 
 Data sizes:     COMMON   BANK0   BANK1   BANK2
      Params:         0       0       0       0
      Locals:         0       0       0       0
      Temps:          0       0       0       0
      Totals:         0       0       0       0
Total ram usage:        0 bytes
 Hardware stack levels used:    1
 Hardware stack levels required when called:    3
 This function calls:
		Nothing
 This function is called by:
		_main
 This function uses a non-reentrant model


 *************** function _SYSTEM_Initialize *****************
 Defined at:
		line 11 in file "command.c"
 Parameters:    Size  Location     Type
		None
 Auto vars:     Size  Location     Type
		None
 Return value:  Size  Location     Type
                  1    wreg      void 
 Registers used:
		wreg, status,2, status,0, pclath, cstack
 Tracked objects:
		On entry : 
		On exit  : 
		Unchanged: 
 Data sizes:     COMMON   BANK0   BANK1   BANK2
      Params:         0       0       0       0
      Locals:         0       0       0       0
      Temps:          0       0       0       0
      Totals:         0       0       0       0
Total ram usage:        0 bytes
 Hardware stack levels used:    1
 Hardware stack levels required when called:    4
 This function calls:
		_I2C_Initialize
		_InterruptOnChange_Initialize
		_OSCCON_Initialize
		_PIN_Initialize
		_PWM1_Initialize
		_PWM2_Initialize
		_PWM3_Initialize
		_PWM4_Initialize
		_TMR0_Initialize
		_TMR1_Initialize
		_TMR2_Initialize
 This function is called by:
		_main
 This function uses a non-reentrant model


 *************** function _TMR2_Initialize *****************
 Defined at:
		line 19 in file "tmr.c"
 Parameters:    Size  Location     Type
		None
 Auto vars:     Size  Location     Type
		None
 Return value:  Size  Location     Type
                  1    wreg      void 
 Registers used:
		wreg, status,2, status,0
 Tracked objects:
		On entry : 
		On exit  : 
		Unchanged: 
 Data sizes:     COMMON   BANK0   BANK1   BANK2
      Params:         0       0       0       0
      Locals:         0       0       0       0
      Temps:          0       0       0       0
      Totals:         0       0       0       0
Total ram usage:        0 bytes
 Hardware stack levels used:    1
 Hardware stack levels required when called:    3
 This function calls:
		Nothing
 This function is called by:
		_SYSTEM_Initialize
 This function uses a non-reentrant model


 *************** function _TMR1_Initialize *****************
 Defined at:
		line 7 in file "tmr.c"
 Parameters:    Size  Location     Type
		None
 Auto vars:     Size  Location     Type
		None
 Return value:  Size  Location     Type
                  1    wreg      void 
 Registers used:
		wreg, status,2, status,0
 Tracked objects:
		On entry : 
		On exit  : 
		Unchanged: 
 Data sizes:     COMMON   BANK0   BANK1   BANK2
      Params:         0       0       0       0
      Locals:         0       0       0       0
      Temps:          0       0       0       0
      Totals:         0       0       0       0
Total ram usage:        0 bytes
 Hardware stack levels used:    1
 Hardware stack levels required when called:    3
 This function calls:
		Nothing
 This function is called by:
		_SYSTEM_Initialize
 This function uses a non-reentrant model


 *************** function _TMR0_Initialize *****************
 Defined at:
		line 3 in file "tmr.c"
 Parameters:    Size  Location     Type
		None
 Auto vars:     Size  Location     Type
		None
 Return value:  Size  Location     Type
                  1    wreg      void 
 Registers used:
		wreg
 Tracked objects:
		On entry : 
		On exit  : 
		Unchanged: 
 Data sizes:     COMMON   BANK0   BANK1   BANK2
      Params:         0       0       0       0
      Locals:         0       0       0       0
      Temps:          0       0       0       0
      Totals:         0       0       0       0
Total ram usage:        0 bytes
 Hardware stack levels used:    1
 Hardware stack levels required when called:    3
 This function calls:
		Nothing
 This function is called by:
		_SYSTEM_Initialize
 This function uses a non-reentrant model


 *************** function _PWM4_Initialize *****************
 Defined at:
		line 69 in file "pwm.c"
 Parameters:    Size  Location     Type
		None
 Auto vars:     Size  Location     Type
		None
 Return value:  Size  Location     Type
                  1    wreg      void 
 Registers used:
		status,2
 Tracked objects:
		On entry : 
		On exit  : 
		Unchanged: 
 Data sizes:     COMMON   BANK0   BANK1   BANK2
      Params:         0       0       0       0
      Locals:         0       0       0       0
      Temps:          0       0       0       0
      Totals:         0       0       0       0
Total ram usage:        0 bytes
 Hardware stack levels used:    1
 Hardware stack levels required when called:    3
 This function calls:
		Nothing
 This function is called by:
		_SYSTEM_Initialize
 This function uses a non-reentrant model


 *************** function _PWM3_Initialize *****************
 Defined at:
		line 47 in file "pwm.c"
 Parameters:    Size  Location     Type
		None
 Auto vars:     Size  Location     Type
		None
 Return value:  Size  Location     Type
                  1    wreg      void 
 Registers used:
		status,2
 Tracked objects:
		On entry : 
		On exit  : 
		Unchanged: 
 Data sizes:     COMMON   BANK0   BANK1   BANK2
      Params:         0       0       0       0
      Locals:         0       0       0       0
      Temps:          0       0       0       0
      Totals:         0       0       0       0
Total ram usage:        0 bytes
 Hardware stack levels used:    1
 Hardware stack levels required when called:    3
 This function calls:
		Nothing
 This function is called by:
		_SYSTEM_Initialize
 This function uses a non-reentrant model


 *************** function _PWM2_Initialize *****************
 Defined at:
		line 25 in file "pwm.c"
 Parameters:    Size  Location     Type
		None
 Auto vars:     Size  Location     Type
		None
 Return value:  Size  Location     Type
                  1    wreg      void 
 Registers used:
		status,2
 Tracked objects:
		On entry : 
		On exit  : 
		Unchanged: 
 Data sizes:     COMMON   BANK0   BANK1   BANK2
      Params:         0       0       0       0
      Locals:         0       0       0       0
      Temps:          0       0       0       0
      Totals:         0       0       0       0
Total ram usage:        0 bytes
 Hardware stack levels used:    1
 Hardware stack levels required when called:    3
 This function calls:
		Nothing
 This function is called by:
		_SYSTEM_Initialize
 This function uses a non-reentrant model


 *************** function _PWM1_Initialize *****************
 Defined at:
		line 3 in file "pwm.c"
 Parameters:    Size  Location     Type
		None
 Auto vars:     Size  Location     Type
		None
 Return value:  Size  Location     Type
                  1    wreg      void 
 Registers used:
		status,2
 Tracked objects:
		On entry : 
		On exit  : 
		Unchanged: 
 Data sizes:     COMMON   BANK0   BANK1   BANK2
      Params:         0       0       0       0
      Locals:         0       0       0       0
      Temps:          0       0       0       0
      Totals:         0       0       0       0
Total ram usage:        0 bytes
 Hardware stack levels used:    1
 Hardware stack levels required when called:    3
 This function calls:
		Nothing
 This function is called by:
		_SYSTEM_Initialize
 This function uses a non-reentrant model


 *************** function _PIN_Initialize *****************
 Defined at:
		line 3 in file "pin.c"
 Parameters:    Size  Location     Type
		None
 Auto vars:     Size  Location     Type
		None
 Return value:  Size  Location     Type
                  1    wreg      void 
 Registers used:
		status,2
 Tracked objects:
		On entry : 
		On exit  : 
		Unchanged: 
 Data sizes:     COMMON   BANK0   BANK1   BANK2
      Params:         0       0       0       0
      Locals:         0       0       0       0
      Temps:          0       0       0       0
      Totals:         0       0       0       0
Total ram usage:        0 bytes
 Hardware stack levels used:    1
 Hardware stack levels required when called:    3
 This function calls:
		Nothing
 This function is called by:
		_SYSTEM_Initialize
 This function uses a non-reentrant model


 *************** function _OSCCON_Initialize *****************
 Defined at:
		line 3 in file "osccon.c"
 Parameters:    Size  Location     Type
		None
 Auto vars:     Size  Location     Type
		None
 Return value:  Size  Location     Type
                  1    wreg      void 
 Registers used:
		wreg, status,2, status,0
 Tracked objects:
		On entry : 
		On exit  : 
		Unchanged: 
 Data sizes:     COMMON   BANK0   BANK1   BANK2
      Params:         0       0       0       0
      Locals:         0       0       0       0
      Temps:          0       0       0       0
      Totals:         0       0       0       0
Total ram usage:        0 bytes
 Hardware stack levels used:    1
 Hardware stack levels required when called:    3
 This function calls:
		Nothing
 This function is called by:
		_SYSTEM_Initialize
 This function uses a non-reentrant model


 *************** function _InterruptOnChange_Initialize *****************
 Defined at:
		line 3 in file "interruptOnChange.c"
 Parameters:    Size  Location     Type
		None
 Auto vars:     Size  Location     Type
		None
 Return value:  Size  Location     Type
                  1    wreg      void 
 Registers used:
		status,2
 Tracked objects:
		On entry : 
		On exit  : 
		Unchanged: 
 Data sizes:     COMMON   BANK0   BANK1   BANK2
      Params:         0       0       0       0
      Locals:         0       0       0       0
      Temps:          0       0       0       0
      Totals:         0       0       0       0
Total ram usage:        0 bytes
 Hardware stack levels used:    1
 Hardware stack levels required when called:    3
 This function calls:
		Nothing
 This function is called by:
		_SYSTEM_Initialize
 This function uses a non-reentrant model


 *************** function _I2C_Initialize *****************
 Defined at:
		line 9 in file "i2c.c"
 Parameters:    Size  Location     Type
		None
 Auto vars:     Size  Location     Type
		None
 Return value:  Size  Location     Type
                  1    wreg      void 
 Registers used:
		wreg, status,2, status,0
 Tracked objects:
		On entry : 
		On exit  : 
		Unchanged: 
 Data sizes:     COMMON   BANK0   BANK1   BANK2
      Params:         0       0       0       0
      Locals:         0       0       0       0
      Temps:          0       0       0       0
      Totals:         0       0       0       0
Total ram usage:        0 bytes
 Hardware stack levels used:    1
 Hardware stack levels required when called:    3
 This function calls:
		Nothing
 This function is called by:
		_SYSTEM_Initialize
 This function uses a non-reentrant model


 *************** function _LedUpdate *****************
 Defined at:
		line 41 in file "led.c"
 Parameters:    Size  Location     Type
		None
 Auto vars:     Size  Location     Type
  i               1   15[BANK0 ] unsigned char 
 Return value:  Size  Location     Type
                  1    wreg      void 
 Registers used:
		wreg, fsr1l, fsr1h, status,2, status,0, pclath, cstack
 Tracked objects:
		On entry : 
		On exit  : 
		Unchanged: 
 Data sizes:     COMMON   BANK0   BANK1   BANK2
      Params:         0       0       0       0
      Locals:         0       1       0       0
      Temps:          0       1       0       0
      Totals:         0       2       0       0
Total ram usage:        2 bytes
 Hardware stack levels used:    1
 Hardware stack levels required when called:    6
 This function calls:
		_SaveLedPara
 This function is called by:
		_main
 This function uses a non-reentrant model


 *************** function _SaveLedPara *****************
 Defined at:
		line 25 in file "led.c"
 Parameters:    Size  Location     Type
		None
 Auto vars:     Size  Location     Type
  len             1   13[BANK0 ] unsigned char 
  cnt             1   12[BANK0 ] unsigned char 
  offset          1   11[BANK0 ] unsigned char 
  pbuf            1   10[BANK0 ] PTR unsigned char 
		 -> gLedPara(11), 
 Return value:  Size  Location     Type
                  1    wreg      void 
 Registers used:
		wreg, fsr1l, fsr1h, status,2, status,0, pclath, cstack
 Tracked objects:
		On entry : 
		On exit  : 
		Unchanged: 
 Data sizes:     COMMON   BANK0   BANK1   BANK2
      Params:         0       0       0       0
      Locals:         0       6       0       0
      Temps:          0       2       0       0
      Totals:         0       8       0       0
Total ram usage:        8 bytes
 Hardware stack levels used:    1
 Hardware stack levels required when called:    5
 This function calls:
		_I2C_WriteBuffer
 This function is called by:
		_LedUpdate
 This function uses a non-reentrant model


 *************** function _I2C_WriteBuffer *****************
 Defined at:
		line 66 in file "i2c.c"
 Parameters:    Size  Location     Type
  suba            1    wreg     unsigned char 
  pbuf            1    0[BANK0 ] PTR unsigned char 
		 -> gLedPara(11), 
  len             1    1[BANK0 ] unsigned char 
 Auto vars:     Size  Location     Type
  suba            1    3[BANK0 ] unsigned char 
  i               1    5[BANK0 ] unsigned char 
  n               1    4[BANK0 ] unsigned char 
 Return value:  Size  Location     Type
                  1    wreg      void 
 Registers used:
		wreg, fsr1l, fsr1h, status,2, status,0, pclath, cstack
 Tracked objects:
		On entry : 
		On exit  : 
		Unchanged: 
 Data sizes:     COMMON   BANK0   BANK1   BANK2
      Params:         0       2       0       0
      Locals:         0       3       0       0
      Temps:          0       1       0       0
      Totals:         0       6       0       0
Total ram usage:        6 bytes
 Hardware stack levels used:    1
 Hardware stack levels required when called:    4
 This function calls:
		_CheckSSPIF
 This function is called by:
		_SaveLedPara
 This function uses a non-reentrant model


 *************** function _LedParaInit *****************
 Defined at:
		line 182 in file "led.c"
 Parameters:    Size  Location     Type
		None
 Auto vars:     Size  Location     Type
  i               1    9[BANK0 ] unsigned char 
 Return value:  Size  Location     Type
                  1    wreg      void 
 Registers used:
		wreg, fsr1l, fsr1h, status,2, status,0, pclath, cstack
 Tracked objects:
		On entry : 
		On exit  : 
		Unchanged: 
 Data sizes:     COMMON   BANK0   BANK1   BANK2
      Params:         0       0       0       0
      Locals:         0       1       0       0
      Temps:          0       2       0       0
      Totals:         0       3       0       0
Total ram usage:        3 bytes
 Hardware stack levels used:    1
 Hardware stack levels required when called:    5
 This function calls:
		_I2C_ReadBuffer
 This function is called by:
		_main
 This function uses a non-reentrant model


 *************** function _I2C_ReadBuffer *****************
 Defined at:
		line 162 in file "i2c.c"
 Parameters:    Size  Location     Type
  suba            1    wreg     unsigned char 
  pbuf            1    0[BANK0 ] PTR unsigned char 
		 -> gLedPara(11), 
  len             1    1[BANK0 ] unsigned char 
 Auto vars:     Size  Location     Type
  suba            1    4[BANK0 ] unsigned char 
  i               1    6[BANK0 ] unsigned char 
  n               1    5[BANK0 ] unsigned char 
 Return value:  Size  Location     Type
                  1    wreg      void 
 Registers used:
		wreg, fsr1l, fsr1h, status,2, status,0, pclath, cstack
 Tracked objects:
		On entry : 
		On exit  : 
		Unchanged: 
 Data sizes:     COMMON   BANK0   BANK1   BANK2
      Params:         0       2       0       0
      Locals:         0       3       0       0
      Temps:          0       2       0       0
      Totals:         0       7       0       0
Total ram usage:        7 bytes
 Hardware stack levels used:    1
 Hardware stack levels required when called:    4
 This function calls:
		_CheckSSPIF
 This function is called by:
		_LedParaInit
 This function uses a non-reentrant model


 *************** function _CheckSSPIF *****************
 Defined at:
		line 20 in file "i2c.c"
 Parameters:    Size  Location     Type
		None
 Auto vars:     Size  Location     Type
		None
 Return value:  Size  Location     Type
                  1    wreg      void 
 Registers used:
		None
 Tracked objects:
		On entry : 
		On exit  : 
		Unchanged: 
 Data sizes:     COMMON   BANK0   BANK1   BANK2
      Params:         0       0       0       0
      Locals:         0       0       0       0
      Temps:          0       0       0       0
      Totals:         0       0       0       0
Total ram usage:        0 bytes
 Hardware stack levels used:    1
 Hardware stack levels required when called:    3
 This function calls:
		Nothing
 This function is called by:
		_I2C_WriteBuffer
		_I2C_ReadBuffer
		_I2C_WriteByte
		_I2C_ReadByte
 This function uses a non-reentrant model


 *************** function _AutoMode *****************
 Defined at:
		line 116 in file "led.c"
 Parameters:    Size  Location     Type
		None
 Auto vars:     Size  Location     Type
  dTime           2   21[BANK0 ] int 
  i               1   25[BANK0 ] unsigned char 
  pendBright      1   24[BANK0 ] PTR unsigned char 
		 -> gLedPara.nightBright(2), gLedPara.dayBright(2), gLedPara(11), 
  pstartBright    1   23[BANK0 ] PTR unsigned char 
		 -> gLedPara.nightBright(2), gLedPara.dayBright(2), gLedPara(11), 
 Return value:  Size  Location     Type
                  1    wreg      void 
 Registers used:
		wreg, fsr0l, fsr0h, fsr1l, fsr1h, status,2, status,0, pclath, cstack
 Tracked objects:
		On entry : 
		On exit  : 
		Unchanged: 
 Data sizes:     COMMON   BANK0   BANK1   BANK2
      Params:         0       0       0       0
      Locals:         0       5       0       0
      Temps:          0       7       0       0
      Totals:         0      12       0       0
Total ram usage:       12 bytes
 Hardware stack levels used:    1
 Hardware stack levels required when called:    5
 This function calls:
		_PWM1_Enable
		_PWM2_Enable
		_TimeChangeSec
		_UpdatePWM
		___wmul
 This function is called by:
		_main
 This function uses a non-reentrant model


 *************** function _UpdatePWM *****************
 Defined at:
		line 18 in file "led.c"
 Parameters:    Size  Location     Type
		None
 Auto vars:     Size  Location     Type
		None
 Return value:  Size  Location     Type
                  1    wreg      void 
 Registers used:
		wreg, status,2, status,0, pclath, cstack
 Tracked objects:
		On entry : 
		On exit  : 
		Unchanged: 
 Data sizes:     COMMON   BANK0   BANK1   BANK2
      Params:         0       0       0       0
      Locals:         0       0       0       0
      Temps:          0       0       0       0
      Totals:         0       0       0       0
Total ram usage:        0 bytes
 Hardware stack levels used:    1
 Hardware stack levels required when called:    4
 This function calls:
		_PWM1_LoadDutyValue
		_PWM2_LoadDutyValue
 This function is called by:
		_LedUpdatePara
		_AutoMode
 This function uses a non-reentrant model


 *************** function _PWM2_LoadDutyValue *****************
 Defined at:
		line 42 in file "pwm.c"
 Parameters:    Size  Location     Type
  dutyValue       2    0[BANK0 ] unsigned int 
 Auto vars:     Size  Location     Type
		None
 Return value:  Size  Location     Type
                  1    wreg      void 
 Registers used:
		wreg, status,2, status,0
 Tracked objects:
		On entry : 
		On exit  : 
		Unchanged: 
 Data sizes:     COMMON   BANK0   BANK1   BANK2
      Params:         0       2       0       0
      Locals:         0       0       0       0
      Temps:          0       2       0       0
      Totals:         0       4       0       0
Total ram usage:        4 bytes
 Hardware stack levels used:    1
 Hardware stack levels required when called:    3
 This function calls:
		Nothing
 This function is called by:
		_UpdatePWM
 This function uses a non-reentrant model


 *************** function _PWM1_LoadDutyValue *****************
 Defined at:
		line 20 in file "pwm.c"
 Parameters:    Size  Location     Type
  dutyValue       2    0[BANK0 ] unsigned int 
 Auto vars:     Size  Location     Type
		None
 Return value:  Size  Location     Type
                  1    wreg      void 
 Registers used:
		wreg, status,2, status,0
 Tracked objects:
		On entry : 
		On exit  : 
		Unchanged: 
 Data sizes:     COMMON   BANK0   BANK1   BANK2
      Params:         0       2       0       0
      Locals:         0       0       0       0
      Temps:          0       2       0       0
      Totals:         0       4       0       0
Total ram usage:        4 bytes
 Hardware stack levels used:    1
 Hardware stack levels required when called:    3
 This function calls:
		Nothing
 This function is called by:
		_UpdatePWM
 This function uses a non-reentrant model


 *************** function _TimeChangeSec *****************
 Defined at:
		line 110 in file "led.c"
 Parameters:    Size  Location     Type
		None
 Auto vars:     Size  Location     Type
		None
 Return value:  Size  Location     Type
                  1    wreg      void 
 Registers used:
		wreg, status,2, status,0, pclath, cstack
 Tracked objects:
		On entry : 
		On exit  : 
		Unchanged: 
 Data sizes:     COMMON   BANK0   BANK1   BANK2
      Params:         0       0       0       0
      Locals:         0       2       0       0
      Temps:          0       6       0       0
      Totals:         0       8       0       0
Total ram usage:        8 bytes
 Hardware stack levels used:    1
 Hardware stack levels required when called:    4
 This function calls:
		___wmul
 This function is called by:
		_AutoMode
 This function uses a non-reentrant model


 *************** function ___wmul *****************
 Defined at:
		line 15 in file "F:\MPLAB XC8\MPLAB XC8\sources\common\Umul16.c"
 Parameters:    Size  Location     Type
  multiplier      2    0[BANK0 ] unsigned int 
  multiplicand    2    2[BANK0 ] unsigned int 
 Auto vars:     Size  Location     Type
  product         2    4[BANK0 ] unsigned int 
 Return value:  Size  Location     Type
                  2    0[BANK0 ] unsigned int 
 Registers used:
		wreg, status,2, status,0
 Tracked objects:
		On entry : 
		On exit  : 
		Unchanged: 
 Data sizes:     COMMON   BANK0   BANK1   BANK2
      Params:         0       4       0       0
      Locals:         0       2       0       0
      Temps:          0       0       0       0
      Totals:         0       6       0       0
Total ram usage:        6 bytes
 Hardware stack levels used:    1
 Hardware stack levels required when called:    3
 This function calls:
		Nothing
 This function is called by:
		_manualMode
		_TimeChangeSec
		_AutoMode
 This function uses a non-reentrant model


 *************** function _PWM2_Enable *****************
 Defined at:
		line 34 in file "pwm.c"
 Parameters:    Size  Location     Type
		None
 Auto vars:     Size  Location     Type
		None
 Return value:  Size  Location     Type
                  1    wreg      void 
 Registers used:
		None
 Tracked objects:
		On entry : 
		On exit  : 
		Unchanged: 
 Data sizes:     COMMON   BANK0   BANK1   BANK2
      Params:         0       0       0       0
      Locals:         0       0       0       0
      Temps:          0       0       0       0
      Totals:         0       0       0       0
Total ram usage:        0 bytes
 Hardware stack levels used:    1
 Hardware stack levels required when called:    3
 This function calls:
		Nothing
 This function is called by:
		_manualMode
		_AutoMode
 This function uses a non-reentrant model


 *************** function _PWM1_Enable *****************
 Defined at:
		line 12 in file "pwm.c"
 Parameters:    Size  Location     Type
		None
 Auto vars:     Size  Location     Type
		None
 Return value:  Size  Location     Type
                  1    wreg      void 
 Registers used:
		None
 Tracked objects:
		On entry : 
		On exit  : 
		Unchanged: 
 Data sizes:     COMMON   BANK0   BANK1   BANK2
      Params:         0       0       0       0
      Locals:         0       0       0       0
      Temps:          0       0       0       0
      Totals:         0       0       0       0
Total ram usage:        0 bytes
 Hardware stack levels used:    1
 Hardware stack levels required when called:    3
 This function calls:
		Nothing
 This function is called by:
		_manualMode
		_AutoMode
 This function uses a non-reentrant model


 *************** function _INTERRUPT_interruptManager *****************
 Defined at:
		line 25 in file "command.c"
 Parameters:    Size  Location     Type
		None
 Auto vars:     Size  Location     Type
		None
 Return value:  Size  Location     Type
                  1    wreg      void 
 Registers used:
		wreg, fsr0l, fsr0h, fsr1l, fsr1h, status,2, status,0, pclath, cstack
 Tracked objects:
		On entry : 
		On exit  : 
		Unchanged: 
 Data sizes:     COMMON   BANK0   BANK1   BANK2
      Params:         0       0       0       0
      Locals:         0       0       0       0
      Temps:          1       0       0       0
      Totals:         1       0       0       0
Total ram usage:        1 bytes
 Hardware stack levels used:    1
 Hardware stack levels required when called:    2
 This function calls:
		_Decode
		_RunRTC
 This function is called by:
		Interrupt level 1
 This function uses a non-reentrant model


 *************** function _RunRTC *****************
 Defined at:
		line 11 in file "rtc.c"
 Parameters:    Size  Location     Type
		None
 Auto vars:     Size  Location     Type
		None
 Return value:  Size  Location     Type
                  1    wreg      void 
 Registers used:
		wreg, status,2, status,0
 Tracked objects:
		On entry : 
		On exit  : 
		Unchanged: 
 Data sizes:     COMMON   BANK0   BANK1   BANK2
      Params:         0       0       0       0
      Locals:         0       0       0       0
      Temps:          1       0       0       0
      Totals:         1       0       0       0
Total ram usage:        1 bytes
 Hardware stack levels used:    1
 This function calls:
		Nothing
 This function is called by:
		_INTERRUPT_interruptManager
 This function uses a non-reentrant model


 *************** function _Decode *****************
 Defined at:
		line 27 in file "IR_Decode.c"
 Parameters:    Size  Location     Type
		None
 Auto vars:     Size  Location     Type
		None
 Return value:  Size  Location     Type
                  1    wreg      void 
 Registers used:
		wreg, fsr0l, fsr0h, fsr1l, fsr1h, status,2, status,0, pclath, cstack
 Tracked objects:
		On entry : 
		On exit  : 
		Unchanged: 
 Data sizes:     COMMON   BANK0   BANK1   BANK2
      Params:         0       0       0       0
      Locals:         0       0       0       0
      Temps:          2       0       0       0
      Totals:         2       0       0       0
Total ram usage:        2 bytes
 Hardware stack levels used:    1
 Hardware stack levels required when called:    1
 This function calls:
		_CheckSum
 This function is called by:
		_INTERRUPT_interruptManager
 This function uses a non-reentrant model


 *************** function _CheckSum *****************
 Defined at:
		line 17 in file "IR_Decode.c"
 Parameters:    Size  Location     Type
  pbuf            1    wreg     PTR unsigned char 
		 -> IR_ReveiveDataStructure(14), 
  len             1    0[COMMON] unsigned char 
 Auto vars:     Size  Location     Type
  pbuf            1    3[COMMON] PTR unsigned char 
		 -> IR_ReveiveDataStructure(14), 
  i               1    5[COMMON] unsigned char 
  result          1    4[COMMON] unsigned char 
 Return value:  Size  Location     Type
                  1    wreg      unsigned char 
 Registers used:
		wreg, fsr1l, fsr1h, status,2, status,0
 Tracked objects:
		On entry : 
		On exit  : 
		Unchanged: 
 Data sizes:     COMMON   BANK0   BANK1   BANK2
      Params:         1       0       0       0
      Locals:         3       0       0       0
      Temps:          2       0       0       0
      Totals:         6       0       0       0
Total ram usage:        6 bytes
 Hardware stack levels used:    1
 This function calls:
		Nothing
 This function is called by:
		_Decode
 This function uses a non-reentrant model



MODULE INFORMATION

Module		Function		Class		Link	Load	Size
osccon.c
		_OSCCON_Initialize		CODE           	0663	0000	9

osccon.c estimated size: 9

F:\MPLAB XC8\MPLAB XC8\sources\common\Umul16.c
		___wmul        		CODE           	05A5	0000	29

F:\MPLAB XC8\MPLAB XC8\sources\common\Umul16.c estimated size: 29

i2c.c
		_I2C_ReadBuffer		CODE           	01CC	0000	137
		_I2C_Initialize		CODE           	0642	0000	14
		_CheckSSPIF    		CODE           	0694	0000	6
		_I2C_WriteBuffer		CODE           	0471	0000	80

i2c.c estimated size: 237

pwm.c
		_PWM1_Initialize		CODE           	0680	0000	8
		_PWM1_Enable   		CODE           	06AC	0000	4
		_PWM2_Initialize		CODE           	0679	0000	8
		_PWM2_Enable   		CODE           	06A9	0000	4
		_PWM3_Initialize		CODE           	0672	0000	8
		_PWM4_Initialize		CODE           	066B	0000	8
		_PWM1_Disable  		CODE           	06A0	0000	4
		_PWM2_Disable  		CODE           	069D	0000	4
		_PWM1_LoadDutyValue		CODE           	05DA	0000	26
		_PWM2_LoadDutyValue		CODE           	05C1	0000	26

pwm.c estimated size: 100

IR_Decode.c
		_CheckSum      		CODE           	060B	0000	25
		_Decode        		CODE           	02DA	0000	121

IR_Decode.c estimated size: 146

tmr.c
		_TMR1_Initialize		CODE           	0633	0000	16
		_TMR2_Initialize		CODE           	0659	0000	11
		_TMR1_StartTimer		CODE           	06A6	0000	4
		_TMR2_StartTimer		CODE           	06A3	0000	4
		_TMR0_Initialize		CODE           	0699	0000	5

tmr.c estimated size: 40

shared
		__initialization		CODE           	001F	0000	15

shared estimated size: 15

pin.c
		_PIN_Initialize		CODE           	05F3	0000	25

pin.c estimated size: 25

rtc.c
		_UpdateRTC     		CODE           	064F	0000	11
		_RunRTC        		CODE           	0588	0000	30

rtc.c estimated size: 41

interruptOnChange.c
		_InterruptOnChange_Initialize		CODE           	0687	0000	8

interruptOnChange.c estimated size: 8

command.c
		_INTERRUPT_interruptManager		CODE           	0004	0000	26
		_SYSTEM_Initialize		CODE           	0567	0000	34

command.c estimated size: 60

main.c
		_main          		CODE           	053F	0000	41

main.c estimated size: 41

led.c
		_AutoMode      		CODE           	0031	0000	412
		_LedUpdate     		CODE           	041D	0000	85
		_LedUpdatePara 		CODE           	0352	0000	111
		_SaveLedPara   		CODE           	0506	0000	58
		_TimeChangeSec 		CODE           	0254	0000	135
		_UpdatePWM     		CODE           	0623	0000	17
		_LedParaInit   		CODE           	03C0	0000	94
		_manualMode    		CODE           	04C0	0000	71

led.c estimated size: 983

