Microchip MPLAB XC8 Compiler V1.41 ()

Linker command line:

-W-3 --edf=D:\Program Files\Microchip\xc8\v1.41\dat\en_msgs.txt -cs \
  -h+dist/default/production\Zensui.X.production.sym \
  --cmf=dist/default/production\Zensui.X.production.cmf -z -Q16F1508 \
  -oC:\Users\liruya\AppData\Local\Temp\s7lg.2 \
  -Mdist/default/production/Zensui.X.production.map -E1 -ver=XC8 \
  -ASTACK=0204Ch-020efh -pstack=STACK -ACODE=00h-07FFhx2 \
  -ASTRCODE=00h-0FFFh -ASTRING=00h-0FFhx16 -ACONST=00h-0FFhx16 \
  -AENTRY=00h-0FFhx16 -ACOMMON=070h-07Fh -ABANK0=020h-06Fh \
  -ABANK1=0A0h-0EFh -ABANK2=0120h-016Fh -ABIGRAM=02000h-020EFh \
  -ARAM=020h-06Fh,0A0h-0EFh,0120h-016Fh \
  -AABS1=020h-07Fh,0A0h-0EFh,0120h-016Fh -ASFR0=00h-01Fh -ASFR1=080h-09Fh \
  -ASFR2=0100h-011Fh -ASFR3=0180h-01EFh -ASFR4=0200h-026Fh \
  -ASFR5=0280h-02EFh -ASFR6=0300h-036Fh -ASFR7=0380h-03EFh \
  -ASFR8=0400h-046Fh -ASFR9=0480h-04EFh -ASFR10=0500h-056Fh \
  -ASFR11=0580h-05EFh -ASFR12=0600h-066Fh -ASFR13=0680h-06EFh \
  -ASFR14=0700h-076Fh -ASFR15=0780h-07EFh -ASFR16=0800h-086Fh \
  -ASFR17=0880h-08EFh -ASFR18=0900h-096Fh -ASFR19=0980h-09EFh \
  -ASFR20=0A00h-0A6Fh -ASFR21=0A80h-0AEFh -ASFR22=0B00h-0B6Fh \
  -ASFR23=0B80h-0BEFh -ASFR24=0C00h-0C6Fh -ASFR25=0C80h-0CEFh \
  -ASFR26=0D00h-0D6Fh -ASFR27=0D80h-0DEFh -ASFR28=0E00h-0E6Fh \
  -ASFR29=0E80h-0EEFh -ASFR30=0F00h-0F6Fh -ASFR31=0F80h-0FEFh \
  -preset_vec=00h,intentry=04h,init,end_init -ppowerup=CODE -pcinit=CODE \
  -pfunctab=CODE -ACONFIG=08007h-08008h -pconfig=CONFIG -DCONFIG=2 \
  -AIDLOC=08000h-08003h -pidloc=IDLOC -DIDLOC=2 -DCODE=2 -DSTRCODE=2 \
  -DSTRING=2 -DCONST=2 -DENTRY=2 -k \
  C:\Users\liruya\AppData\Local\Temp\s7lg.obj \
  dist/default/production\Zensui.X.production.obj 

Object code version is 3.11

Machine type is 16F1508



                Name                               Link     Load   Length Selector   Space Scale
C:\Users\liruya\AppData\Local\Temp\s7lg.obj
                end_init                             1D       1D        2        8       0
                reset_vec                             0        0        2        0       0
                config                             8007     8007        2    1000E       0
dist/default/production\Zensui.X.production.obj
                cinit                                1F       1F       14        8       0
                intentry                              4        4       19        8       0
                text38                              642      642       18        8       0
                text37                              308      308       7B        8       0
                text36                              5BF      5BF       1D        8       0
                text34                              6EB      6EB        3        8       0
                text33                              6E8      6E8        3        8       0
                text32                              5DC      5DC       1C        8       0
                text31                              282      282       86        8       0
                text30                              611      611       19        8       0
                text29                              5F8      5F8       19        8       0
                text28                              65A      65A       10        8       0
                text27                               33       33      1C7        8       0
                text26                              6D3      6D3        5        8       0
                text25                              1FA      1FA       88        8       0
                text24                              3F1      3F1       5D        8       0
                text23                              4A2      4A2       4F        8       0
                text22                              537      537       39        8       0
                text21                              44E      44E       54        8       0
                text20                              6A2      6A2        8        8       0
                text19                              679      679        D        8       0
                text18                              6C6      6C6        7        8       0
                text17                              69A      69A        8        8       0
                text16                              62A      62A       18        8       0
                text15                              6BF      6BF        7        8       0
                text14                              6B8      6B8        7        8       0
                text13                              6B1      6B1        7        8       0
                text12                              6AA      6AA        7        8       0
                text11                              6D8      6D8        4        8       0
                text10                              66A      66A        F        8       0
                text9                               690      690        A        8       0
                text8                               59E      59E       21        8       0
                text7                               6E5      6E5        3        8       0
                text6                               6E2      6E2        3        8       0
                text5                               686      686        A        8       0
                text4                               383      383       6E        8       0
                text3                               6DF      6DF        3        8       0
                text2                               6DC      6DC        3        8       0
                text1                               4F1      4F1       46        8       0
                maintext                            570      570       2E        8       0
                cstackBANK0                          4D       4D       1E       20       1
                cstackCOMMON                         70       70        9       70       1
                clrtext                             6CD      6CD        6        8       0
                dataBANK0                            6B       6B        1       20       1
                bssBANK0                             20       20       2D       20       1
                bssCOMMON                            79       79        5       70       1
                idataBANK0                          6EE      6EE        1        8       0

TOTAL           Name                               Link     Load   Length     Space
        CLASS   STACK          

        CLASS   CODE           
                end_init                             1D       1D        2         0
                cinit                                1F       1F       14         0
                intentry                              4        4       19         0
                reset_vec                             0        0        2         0
                text38                              642      642       18         0
                text37                              308      308       7B         0
                text36                              5BF      5BF       1D         0
                text34                              6EB      6EB        3         0
                text33                              6E8      6E8        3         0
                text32                              5DC      5DC       1C         0
                text31                              282      282       86         0
                text30                              611      611       19         0
                text29                              5F8      5F8       19         0
                text28                              65A      65A       10         0
                text27                               33       33      1C7         0
                text26                              6D3      6D3        5         0
                text25                              1FA      1FA       88         0
                text24                              3F1      3F1       5D         0
                text23                              4A2      4A2       4F         0
                text22                              537      537       39         0
                text21                              44E      44E       54         0
                text20                              6A2      6A2        8         0
                text19                              679      679        D         0
                text18                              6C6      6C6        7         0
                text17                              69A      69A        8         0
                text16                              62A      62A       18         0
                text15                              6BF      6BF        7         0
                text14                              6B8      6B8        7         0
                text13                              6B1      6B1        7         0
                text12                              6AA      6AA        7         0
                text11                              6D8      6D8        4         0
                text10                              66A      66A        F         0
                text9                               690      690        A         0
                text8                               59E      59E       21         0
                text7                               6E5      6E5        3         0
                text6                               6E2      6E2        3         0
                text5                               686      686        A         0
                text4                               383      383       6E         0
                text3                               6DF      6DF        3         0
                text2                               6DC      6DC        3         0
                text1                               4F1      4F1       46         0
                maintext                            570      570       2E         0
                clrtext                             6CD      6CD        6         0
                idataBANK0                          6EE      6EE        1         0

        CLASS   STRCODE        

        CLASS   STRING         

        CLASS   CONST          

        CLASS   ENTRY          

        CLASS   COMMON         
                cstackCOMMON                         70       70        9         1
                bssCOMMON                            79       79        5         1

        CLASS   BANK0          
                cstackBANK0                          4D       4D       1E         1
                dataBANK0                            6B       6B        1         1
                bssBANK0                             20       20       2D         1

        CLASS   BANK1          

        CLASS   BANK2          

        CLASS   BIGRAM         

        CLASS   RAM            

        CLASS   ABS1           
                abs_s1                               7E       7E        2         1

        CLASS   SFR0           

        CLASS   SFR1           

        CLASS   SFR2           

        CLASS   SFR3           

        CLASS   SFR4           

        CLASS   SFR5           

        CLASS   SFR6           

        CLASS   SFR7           

        CLASS   SFR8           

        CLASS   SFR9           

        CLASS   SFR10          

        CLASS   SFR11          

        CLASS   SFR12          

        CLASS   SFR13          

        CLASS   SFR14          

        CLASS   SFR15          

        CLASS   SFR16          

        CLASS   SFR17          

        CLASS   SFR18          

        CLASS   SFR19          

        CLASS   SFR20          

        CLASS   SFR21          

        CLASS   SFR22          

        CLASS   SFR23          

        CLASS   SFR24          

        CLASS   SFR25          

        CLASS   SFR26          

        CLASS   SFR27          

        CLASS   SFR28          

        CLASS   SFR29          

        CLASS   SFR30          

        CLASS   SFR31          

        CLASS   CONFIG         
                config                             8007     8007        2         0

        CLASS   IDLOC          

        CLASS   BANK31         

        CLASS   BANK30         

        CLASS   BANK29         

        CLASS   BANK28         

        CLASS   BANK27         

        CLASS   BANK26         

        CLASS   BANK25         

        CLASS   BANK24         

        CLASS   BANK23         

        CLASS   BANK22         

        CLASS   BANK21         

        CLASS   BANK20         

        CLASS   BANK19         

        CLASS   BANK18         

        CLASS   BANK17         

        CLASS   BANK16         

        CLASS   BANK15         

        CLASS   BANK14         

        CLASS   BANK13         

        CLASS   BANK12         

        CLASS   BANK11         

        CLASS   BANK10         

        CLASS   BANK9          

        CLASS   BANK8          

        CLASS   BANK7          

        CLASS   BANK6          

        CLASS   BANK5          

        CLASS   BANK4          

        CLASS   BANK3          

        CLASS   EEDATA         



SEGMENTS        Name                           Load    Length   Top    Selector   Space  Class     Delta

                reset_vec                      000000  000002  000002         0       0  CODE        2
                intentry                       000004  0006EB  0006EF         8       0  CODE        2
                bssBANK0                       000020  00004C  00006C        20       1  BANK0       1
                cstackCOMMON                   000070  00000E  00007E        70       1  COMMON      1
                config                         008007  000002  008009     1000E       0  CONFIG      2


UNUSED ADDRESS RANGES

        Name                Unused          Largest block    Delta
        BANK0            0006C-0006F               4           1
        BANK1            000A0-000EF              50           1
        BANK2            00120-0016F              50           1
        BIGRAM           02000-020EF              F0           1
        CODE             00002-00003               2           2
                         006EF-00FFF             111
        CONST            00002-00003               2           2
                         006EF-00FFF             100
        ENTRY            00002-00003               2           2
                         006EF-00FFF             100
        IDLOC            08000-08003               4           2
        RAM              0006C-0006F               4           1
                         000A0-000EF              50
                         00120-0016F              50
        SFR0             00000-0001F              20           1
        SFR1             00080-0009F              20           1
        SFR10            00500-0056F              70           1
        SFR11            00580-005EF              70           1
        SFR12            00600-0066F              70           1
        SFR13            00680-006EF              70           1
        SFR14            00700-0076F              70           1
        SFR15            00780-007EF              70           1
        SFR16            00800-0086F              70           1
        SFR17            00880-008EF              70           1
        SFR18            00900-0096F              70           1
        SFR19            00980-009EF              70           1
        SFR2             00100-0011F              20           1
        SFR20            00A00-00A6F              70           1
        SFR21            00A80-00AEF              70           1
        SFR22            00B00-00B6F              70           1
        SFR23            00B80-00BEF              70           1
        SFR24            00C00-00C6F              70           1
        SFR25            00C80-00CEF              70           1
        SFR26            00D00-00D6F              70           1
        SFR27            00D80-00DEF              70           1
        SFR28            00E00-00E6F              70           1
        SFR29            00E80-00EEF              70           1
        SFR3             00180-001EF              70           1
        SFR30            00F00-00F6F              70           1
        SFR31            00F80-00FEF              70           1
        SFR4             00200-0026F              70           1
        SFR5             00280-002EF              70           1
        SFR6             00300-0036F              70           1
        SFR7             00380-003EF              70           1
        SFR8             00400-0046F              70           1
        SFR9             00480-004EF              70           1
        STACK            0204C-020EF              A4           1
        STRCODE          00002-00003               2           2
                         006EF-00FFF             911
        STRING           00002-00003               2           2
                         006EF-00FFF             100

                                  Symbol Table

?___wmul                               cstackBANK0  0004D
AutoMode@dTime                         cstackBANK0  00064
AutoMode@i                             cstackBANK0  0006A
AutoMode@pendBright                    cstackBANK0  00069
AutoMode@pstartBright                  cstackBANK0  00068
CheckSum@i                             cstackCOMMON 00075
CheckSum@len                           cstackCOMMON 00070
CheckSum@pbuf                          cstackCOMMON 00073
CheckSum@result                        cstackCOMMON 00074
I2C_ReadBuffer@i                       cstackBANK0  00053
I2C_ReadBuffer@len                     cstackBANK0  0004E
I2C_ReadBuffer@n                       cstackBANK0  00052
I2C_ReadBuffer@pbuf                    cstackBANK0  0004D
I2C_ReadBuffer@suba                    cstackBANK0  00051
I2C_WriteBuffer@i                      cstackBANK0  00052
I2C_WriteBuffer@len                    cstackBANK0  0004E
I2C_WriteBuffer@n                      cstackBANK0  00051
I2C_WriteBuffer@pbuf                   cstackBANK0  0004D
I2C_WriteBuffer@suba                   cstackBANK0  00050
LedParaInit@i                          cstackBANK0  00056
LedUpdate@i                            cstackBANK0  0005C
LedUpdatePara@i                        cstackBANK0  00057
PWM1_LoadDutyValue@dutyValue           cstackBANK0  0004D
PWM2_LoadDutyValue@dutyValue           cstackBANK0  0004D
SaveLedPara@cnt                        cstackBANK0  00059
SaveLedPara@len                        cstackBANK0  0005A
SaveLedPara@offset                     cstackBANK0  00058
SaveLedPara@pbuf                       cstackBANK0  00057
_ANSELA                                (abs)        0018C
_ANSELB                                (abs)        0018D
_ANSELC                                (abs)        0018E
_AutoMode                              text27       00033
_CheckSSPIF                            text26       006D3
_CheckSum                              text38       00642
_Decode                                text37       00308
_I2C_Initialize                        text19       00679
_I2C_ReadBuffer                        text25       001FA
_I2C_WriteBuffer                       text23       004A2
_INTCONbits                            (abs)        0000B
_INTERRUPT_interruptManager            intentry     00004
_IOCAF                                 (abs)        00393
_IOCBF                                 (abs)        00396
_IOCBFbits                             (abs)        00396
_IOCBNbits                             (abs)        00395
_IOCBPbits                             (abs)        00394
_IR_ReveiveDataStructure               bssBANK0     00034
_InterruptOnChange_Initialize          text18       006C6
_LATAbits                              (abs)        0010C
_LATCbits                              (abs)        0010E
_LedParaInit                           text24       003F1
_LedUpdate                             text21       0044E
_LedUpdatePara                         text4        00383
_OPTION_REG                            (abs)        00095
_OSCCON_Initialize                     text17       0069A
_OSCCONbits                            (abs)        00099
_OSCSTATbits                           (abs)        0009A
_PIE1bits                              (abs)        00091
_PIN_Initialize                        text16       0062A
_PIR1bits                              (abs)        00011
_PR2                                   (abs)        0001B
_PWM1CONbits                           (abs)        00613
_PWM1DCH                               (abs)        00612
_PWM1DCL                               (abs)        00611
_PWM1_Disable                          text3        006DF
_PWM1_Enable                           text34       006EB
_PWM1_Initialize                       text15       006BF
_PWM1_LoadDutyValue                    text30       00611
_PWM2CONbits                           (abs)        00616
_PWM2DCH                               (abs)        00615
_PWM2DCL                               (abs)        00614
_PWM2_Disable                          text2        006DC
_PWM2_Enable                           text33       006E8
_PWM2_Initialize                       text14       006B8
_PWM2_LoadDutyValue                    text29       005F8
_PWM3CONbits                           (abs)        00619
_PWM3DCH                               (abs)        00618
_PWM3DCL                               (abs)        00617
_PWM3_Initialize                       text13       006B1
_PWM4CONbits                           (abs)        0061C
_PWM4DCH                               (abs)        0061B
_PWM4DCL                               (abs)        0061A
_PWM4_Initialize                       text12       006AA
_RB7                                   (abs)        0006F
_ResetState                            text20       006A2
_RunRTC                                text36       005BF
_SSP1ADD                               (abs)        00212
_SSP1BUF                               (abs)        00211
_SSP1CON1bits                          (abs)        00215
_SSP1CON2bits                          (abs)        00216
_SSP1CON3bits                          (abs)        00217
_SSP1IF                                (abs)        0008B
_SSP1STATbits                          (abs)        00214
_SYSTEM_Initialize                     text8        0059E
_SaveLedPara                           text22       00537
_SaveLedPara$1128                      cstackBANK0  00055
_T1CONbits                             (abs)        00018
_T1GCONbits                            (abs)        00019
_T2CONbits                             (abs)        0001C
_TMR0                                  (abs)        00015
_TMR0IF                                (abs)        0005A
_TMR0_Initialize                       text11       006D8
_TMR1_Initialize                       text10       0066A
_TMR1_StartTimer                       text7        006E5
_TMR2                                  (abs)        0001A
_TMR2_Initialize                       text9        00690
_TMR2_StartTimer                       text6        006E2
_TRISAbits                             (abs)        0008C
_TRISBbits                             (abs)        0008D
_TRISCbits                             (abs)        0008E
_TimeChangeSec                         text31       00282
_TimeChangeSec$1583                    cstackBANK0  00059
_UpdatePWM                             text28       0065A
_UpdateRTC                             text5        00686
_WPUBbits                              (abs)        0020D
__CFG_BOREN$OFF                        (abs)        00000
__CFG_BORV$LO                          (abs)        00000
__CFG_CLKOUTEN$OFF                     (abs)        00000
__CFG_CP$OFF                           (abs)        00000
__CFG_FCMEN$OFF                        (abs)        00000
__CFG_FOSC$INTOSC                      (abs)        00000
__CFG_IESO$OFF                         (abs)        00000
__CFG_LPBOR$OFF                        (abs)        00000
__CFG_LVP$ON                           (abs)        00000
__CFG_MCLRE$ON                         (abs)        00000
__CFG_PWRTE$ON                         (abs)        00000
__CFG_STVREN$ON                        (abs)        00000
__CFG_WDTE$ON                          (abs)        00000
__CFG_WRT$OFF                          (abs)        00000
__Habs1                                abs1         00000
__Hbank0                               bank0        00000
__Hbank1                               bank1        00000
__Hbank10                              bank10       00000
__Hbank11                              bank11       00000
__Hbank12                              bank12       00000
__Hbank13                              bank13       00000
__Hbank14                              bank14       00000
__Hbank15                              bank15       00000
__Hbank16                              bank16       00000
__Hbank17                              bank17       00000
__Hbank18                              bank18       00000
__Hbank19                              bank19       00000
__Hbank2                               bank2        00000
__Hbank20                              bank20       00000
__Hbank21                              bank21       00000
__Hbank22                              bank22       00000
__Hbank23                              bank23       00000
__Hbank24                              bank24       00000
__Hbank25                              bank25       00000
__Hbank26                              bank26       00000
__Hbank27                              bank27       00000
__Hbank28                              bank28       00000
__Hbank29                              bank29       00000
__Hbank3                               bank3        00000
__Hbank30                              bank30       00000
__Hbank31                              bank31       00000
__Hbank4                               bank4        00000
__Hbank5                               bank5        00000
__Hbank6                               bank6        00000
__Hbank7                               bank7        00000
__Hbank8                               bank8        00000
__Hbank9                               bank9        00000
__Hbigram                              bigram       00000
__HbssBANK0                            bssBANK0     00000
__HbssCOMMON                           bssCOMMON    00000
__Hcinit                               cinit        00033
__Hclrtext                             clrtext      00000
__Hcode                                code         00000
__Hcommon                              common       00000
__Hconfig                              config       08009
__HcstackBANK0                         cstackBANK0  00000
__HcstackCOMMON                        cstackCOMMON 00000
__HdataBANK0                           dataBANK0    00000
__Heeprom_data                         eeprom_data  00000
__Hend_init                            end_init     0001F
__Hfunctab                             functab      00000
__HidataBANK0                          idataBANK0   00000
__Hidloc                               idloc        00000
__Hinit                                init         0001D
__Hintentry                            intentry     0001D
__Hmaintext                            maintext     00000
__Hpowerup                             powerup      00000
__Hram                                 ram          00000
__Hreset_vec                           reset_vec    00002
__Hsfr0                                sfr0         00000
__Hsfr1                                sfr1         00000
__Hsfr10                               sfr10        00000
__Hsfr11                               sfr11        00000
__Hsfr12                               sfr12        00000
__Hsfr13                               sfr13        00000
__Hsfr14                               sfr14        00000
__Hsfr15                               sfr15        00000
__Hsfr16                               sfr16        00000
__Hsfr17                               sfr17        00000
__Hsfr18                               sfr18        00000
__Hsfr19                               sfr19        00000
__Hsfr2                                sfr2         00000
__Hsfr20                               sfr20        00000
__Hsfr21                               sfr21        00000
__Hsfr22                               sfr22        00000
__Hsfr23                               sfr23        00000
__Hsfr24                               sfr24        00000
__Hsfr25                               sfr25        00000
__Hsfr26                               sfr26        00000
__Hsfr27                               sfr27        00000
__Hsfr28                               sfr28        00000
__Hsfr29                               sfr29        00000
__Hsfr3                                sfr3         00000
__Hsfr30                               sfr30        00000
__Hsfr31                               sfr31        00000
__Hsfr4                                sfr4         00000
__Hsfr5                                sfr5         00000
__Hsfr6                                sfr6         00000
__Hsfr7                                sfr7         00000
__Hsfr8                                sfr8         00000
__Hsfr9                                sfr9         00000
__Hspace_0                             (abs)        08009
__Hspace_1                             (abs)        0007E
__Hspace_2                             (abs)        00000
__Hspace_3                             (abs)        00000
__Hstack                               stack        00000
__Hstrings                             strings      00000
__Htext                                text         00000
__Labs1                                abs1         00000
__Lbank0                               bank0        00000
__Lbank1                               bank1        00000
__Lbank10                              bank10       00000
__Lbank11                              bank11       00000
__Lbank12                              bank12       00000
__Lbank13                              bank13       00000
__Lbank14                              bank14       00000
__Lbank15                              bank15       00000
__Lbank16                              bank16       00000
__Lbank17                              bank17       00000
__Lbank18                              bank18       00000
__Lbank19                              bank19       00000
__Lbank2                               bank2        00000
__Lbank20                              bank20       00000
__Lbank21                              bank21       00000
__Lbank22                              bank22       00000
__Lbank23                              bank23       00000
__Lbank24                              bank24       00000
__Lbank25                              bank25       00000
__Lbank26                              bank26       00000
__Lbank27                              bank27       00000
__Lbank28                              bank28       00000
__Lbank29                              bank29       00000
__Lbank3                               bank3        00000
__Lbank30                              bank30       00000
__Lbank31                              bank31       00000
__Lbank4                               bank4        00000
__Lbank5                               bank5        00000
__Lbank6                               bank6        00000
__Lbank7                               bank7        00000
__Lbank8                               bank8        00000
__Lbank9                               bank9        00000
__Lbigram                              bigram       00000
__LbssBANK0                            bssBANK0     00000
__LbssCOMMON                           bssCOMMON    00000
__Lcinit                               cinit        0001F
__Lclrtext                             clrtext      00000
__Lcode                                code         00000
__Lcommon                              common       00000
__Lconfig                              config       08007
__LcstackBANK0                         cstackBANK0  00000
__LcstackCOMMON                        cstackCOMMON 00000
__LdataBANK0                           dataBANK0    00000
__Leeprom_data                         eeprom_data  00000
__Lend_init                            end_init     0001D
__Lfunctab                             functab      00000
__LidataBANK0                          idataBANK0   00000
__Lidloc                               idloc        00000
__Linit                                init         0001D
__Lintentry                            intentry     00004
__Lmaintext                            maintext     00000
__Lpowerup                             powerup      00000
__Lram                                 ram          00000
__Lreset_vec                           reset_vec    00000
__Lsfr0                                sfr0         00000
__Lsfr1                                sfr1         00000
__Lsfr10                               sfr10        00000
__Lsfr11                               sfr11        00000
__Lsfr12                               sfr12        00000
__Lsfr13                               sfr13        00000
__Lsfr14                               sfr14        00000
__Lsfr15                               sfr15        00000
__Lsfr16                               sfr16        00000
__Lsfr17                               sfr17        00000
__Lsfr18                               sfr18        00000
__Lsfr19                               sfr19        00000
__Lsfr2                                sfr2         00000
__Lsfr20                               sfr20        00000
__Lsfr21                               sfr21        00000
__Lsfr22                               sfr22        00000
__Lsfr23                               sfr23        00000
__Lsfr24                               sfr24        00000
__Lsfr25                               sfr25        00000
__Lsfr26                               sfr26        00000
__Lsfr27                               sfr27        00000
__Lsfr28                               sfr28        00000
__Lsfr29                               sfr29        00000
__Lsfr3                                sfr3         00000
__Lsfr30                               sfr30        00000
__Lsfr31                               sfr31        00000
__Lsfr4                                sfr4         00000
__Lsfr5                                sfr5         00000
__Lsfr6                                sfr6         00000
__Lsfr7                                sfr7         00000
__Lsfr8                                sfr8         00000
__Lsfr9                                sfr9         00000
__Lspace_0                             (abs)        00000
__Lspace_1                             (abs)        00000
__Lspace_2                             (abs)        00000
__Lspace_3                             (abs)        00000
__Lstack                               stack        00000
__Lstrings                             strings      00000
__Ltext                                text         00000
__S0                                   (abs)        08009
__S1                                   (abs)        0007E
__S2                                   (abs)        00000
___int_sp                              stack        00000
___latbits                             (abs)        00001
___sp                                  stack        00000
___wmul                                text32       005DC
___wmul@multiplicand                   cstackBANK0  0004F
___wmul@multiplier                     cstackBANK0  0004D
___wmul@product                        cstackBANK0  00051
__end_of_AutoMode                      text27       001FA
__end_of_CheckSSPIF                    text26       006D8
__end_of_CheckSum                      text38       0065A
__end_of_Decode                        text37       00383
__end_of_I2C_Initialize                text19       00686
__end_of_I2C_ReadBuffer                text25       00282
__end_of_I2C_WriteBuffer               text23       004F1
__end_of_INTERRUPT_interruptManager    intentry     0001D
__end_of_InterruptOnChange_Initialize  text18       006CD
__end_of_LedParaInit                   text24       0044E
__end_of_LedUpdate                     text21       004A2
__end_of_LedUpdatePara                 text4        003F1
__end_of_OSCCON_Initialize             text17       006A2
__end_of_PIN_Initialize                text16       00642
__end_of_PWM1_Disable                  text3        006E2
__end_of_PWM1_Enable                   text34       006EE
__end_of_PWM1_Initialize               text15       006C6
__end_of_PWM1_LoadDutyValue            text30       0062A
__end_of_PWM2_Disable                  text2        006DF
__end_of_PWM2_Enable                   text33       006EB
__end_of_PWM2_Initialize               text14       006BF
__end_of_PWM2_LoadDutyValue            text29       00611
__end_of_PWM3_Initialize               text13       006B8
__end_of_PWM4_Initialize               text12       006B1
__end_of_ResetState                    text20       006AA
__end_of_RunRTC                        text36       005DC
__end_of_SYSTEM_Initialize             text8        005BF
__end_of_SaveLedPara                   text22       00570
__end_of_TMR0_Initialize               text11       006DC
__end_of_TMR1_Initialize               text10       00679
__end_of_TMR1_StartTimer               text7        006E8
__end_of_TMR2_Initialize               text9        0069A
__end_of_TMR2_StartTimer               text6        006E5
__end_of_TimeChangeSec                 text31       00308
__end_of_UpdatePWM                     text28       0066A
__end_of_UpdateRTC                     text5        00690
__end_of___wmul                        text32       005F8
__end_of__initialization               cinit        0002F
__end_of_main                          maintext     0059E
__end_of_manualMode                    text1        00537
__initialization                       cinit        0001F
__pbssBANK0                            bssBANK0     00020
__pbssCOMMON                           bssCOMMON    00079
__pcstackBANK0                         cstackBANK0  0004D
__pcstackCOMMON                        cstackCOMMON 00070
__pdataBANK0                           dataBANK0    0006B
__pidataBANK0                          idataBANK0   006EE
__pintentry                            intentry     00004
__pmaintext                            maintext     00570
__ptext1                               text1        004F1
__ptext10                              text10       0066A
__ptext11                              text11       006D8
__ptext12                              text12       006AA
__ptext13                              text13       006B1
__ptext14                              text14       006B8
__ptext15                              text15       006BF
__ptext16                              text16       0062A
__ptext17                              text17       0069A
__ptext18                              text18       006C6
__ptext19                              text19       00679
__ptext2                               text2        006DC
__ptext20                              text20       006A2
__ptext21                              text21       0044E
__ptext22                              text22       00537
__ptext23                              text23       004A2
__ptext24                              text24       003F1
__ptext25                              text25       001FA
__ptext26                              text26       006D3
__ptext27                              text27       00033
__ptext28                              text28       0065A
__ptext29                              text29       005F8
__ptext3                               text3        006DF
__ptext30                              text30       00611
__ptext31                              text31       00282
__ptext32                              text32       005DC
__ptext33                              text33       006E8
__ptext34                              text34       006EB
__ptext36                              text36       005BF
__ptext37                              text37       00308
__ptext38                              text38       00642
__ptext4                               text4        00383
__ptext5                               text5        00686
__ptext6                               text6        006E2
__ptext7                               text7        006E5
__ptext8                               text8        0059E
__ptext9                               text9        00690
__size_of_AutoMode                     (abs)        00000
__size_of_CheckSSPIF                   (abs)        00000
__size_of_CheckSum                     (abs)        00000
__size_of_Decode                       (abs)        00000
__size_of_I2C_Initialize               (abs)        00000
__size_of_I2C_ReadBuffer               (abs)        00000
__size_of_I2C_WriteBuffer              (abs)        00000
__size_of_INTERRUPT_interruptManager   (abs)        00000
__size_of_InterruptOnChange_Initialize (abs)        00000
__size_of_LedParaInit                  (abs)        00000
__size_of_LedUpdate                    (abs)        00000
__size_of_LedUpdatePara                (abs)        00000
__size_of_OSCCON_Initialize            (abs)        00000
__size_of_PIN_Initialize               (abs)        00000
__size_of_PWM1_Disable                 (abs)        00000
__size_of_PWM1_Enable                  (abs)        00000
__size_of_PWM1_Initialize              (abs)        00000
__size_of_PWM1_LoadDutyValue           (abs)        00000
__size_of_PWM2_Disable                 (abs)        00000
__size_of_PWM2_Enable                  (abs)        00000
__size_of_PWM2_Initialize              (abs)        00000
__size_of_PWM2_LoadDutyValue           (abs)        00000
__size_of_PWM3_Initialize              (abs)        00000
__size_of_PWM4_Initialize              (abs)        00000
__size_of_ResetState                   (abs)        00000
__size_of_RunRTC                       (abs)        00000
__size_of_SYSTEM_Initialize            (abs)        00000
__size_of_SaveLedPara                  (abs)        00000
__size_of_TMR0_Initialize              (abs)        00000
__size_of_TMR1_Initialize              (abs)        00000
__size_of_TMR1_StartTimer              (abs)        00000
__size_of_TMR2_Initialize              (abs)        00000
__size_of_TMR2_StartTimer              (abs)        00000
__size_of_TimeChangeSec                (abs)        00000
__size_of_UpdatePWM                    (abs)        00000
__size_of_UpdateRTC                    (abs)        00000
__size_of___wmul                       (abs)        00000
__size_of_main                         (abs)        00000
__size_of_manualMode                   (abs)        00000
_gCurrentTime                          bssBANK0     0002E
_gLedPara                              bssBANK0     00042
_gLedRunPara                           bssBANK0     00020
_gRunPara                              bssCOMMON    00079
_gRunState                             bssBANK0     00033
_index                                 bssCOMMON    0007C
_main                                  maintext     00570
_manualMode                            text1        004F1
_rcv                                   bssBANK0     00032
_state                                 bssCOMMON    0007D
btemp                                  (abs)        0007E
clear_ram0                             clrtext      006CD
end_of_initialization                  cinit        0002F
int$flags                              (abs)        0007E
intlevel0                              functab      00000
intlevel1                              functab      00000
intlevel2                              functab      00000
intlevel3                              functab      00000
intlevel4                              functab      00000
intlevel5                              functab      00000
reset_vec                              reset_vec    00000
stackhi                                (abs)        020EF
stacklo                                (abs)        0204C
start                                  init         0001D
start_initialization                   cinit        0001F
wtemp0                                 (abs)        0007E


FUNCTION INFORMATION:

 *************** function _main *****************
 Defined at:
		line 35 in file "main.c"
 Parameters:    Size  Location     Type
		None
 Auto vars:     Size  Location     Type
		None
 Return value:  Size  Location     Type
                  1    wreg      void 
 Registers used:
		wreg, fsr0l, fsr0h, fsr1l, fsr1h, status,2, status,0, pclath, cstack
 Tracked objects:
		On entry : 
		On exit  : 
		Unchanged: 
 Data sizes:     COMMON   BANK0   BANK1   BANK2
      Params:         0       0       0       0
      Locals:         0       0       0       0
      Temps:          0       0       0       0
      Totals:         0       0       0       0
Total ram usage:        0 bytes
 Hardware stack levels required when called:    7
 This function calls:
		_AutoMode
		_LedParaInit
		_LedUpdate
		_ResetState
		_SYSTEM_Initialize
		_TMR1_StartTimer
		_TMR2_StartTimer
		_UpdateRTC
		_manualMode
 This function is called by:
		Startup code after reset
 This function uses a non-reentrant model


 *************** function _manualMode *****************
 Defined at:
		line 82 in file "led.c"
 Parameters:    Size  Location     Type
		None
 Auto vars:     Size  Location     Type
		None
 Return value:  Size  Location     Type
                  1    wreg      void 
 Registers used:
		wreg, fsr0l, fsr0h, fsr1l, fsr1h, status,2, status,0, pclath, cstack
 Tracked objects:
		On entry : 
		On exit  : 
		Unchanged: 
 Data sizes:     COMMON   BANK0   BANK1   BANK2
      Params:         0       0       0       0
      Locals:         0       0       0       0
      Temps:          0       2       0       0
      Totals:         0       2       0       0
Total ram usage:        2 bytes
 Hardware stack levels used:    1
 Hardware stack levels required when called:    6
 This function calls:
		_LedUpdatePara
		_PWM1_Disable
		_PWM1_Enable
		_PWM2_Disable
		_PWM2_Enable
		___wmul
 This function is called by:
		_main
 This function uses a non-reentrant model


 *************** function _PWM2_Disable *****************
 Defined at:
		line 38 in file "pwm.c"
 Parameters:    Size  Location     Type
		None
 Auto vars:     Size  Location     Type
		None
 Return value:  Size  Location     Type
                  1    wreg      void 
 Registers used:
		None
 Tracked objects:
		On entry : 
		On exit  : 
		Unchanged: 
 Data sizes:     COMMON   BANK0   BANK1   BANK2
      Params:         0       0       0       0
      Locals:         0       0       0       0
      Temps:          0       0       0       0
      Totals:         0       0       0       0
Total ram usage:        0 bytes
 Hardware stack levels used:    1
 Hardware stack levels required when called:    3
 This function calls:
		Nothing
 This function is called by:
		_manualMode
 This function uses a non-reentrant model


 *************** function _PWM1_Disable *****************
 Defined at:
		line 16 in file "pwm.c"
 Parameters:    Size  Location     Type
		None
 Auto vars:     Size  Location     Type
		None
 Return value:  Size  Location     Type
                  1    wreg      void 
 Registers used:
		None
 Tracked objects:
		On entry : 
		On exit  : 
		Unchanged: 
 Data sizes:     COMMON   BANK0   BANK1   BANK2
      Params:         0       0       0       0
      Locals:         0       0       0       0
      Temps:          0       0       0       0
      Totals:         0       0       0       0
Total ram usage:        0 bytes
 Hardware stack levels used:    1
 Hardware stack levels required when called:    3
 This function calls:
		Nothing
 This function is called by:
		_manualMode
 This function uses a non-reentrant model


 *************** function _LedUpdatePara *****************
 Defined at:
		line 61 in file "led.c"
 Parameters:    Size  Location     Type
		None
 Auto vars:     Size  Location     Type
  i               1   10[BANK0 ] unsigned char 
 Return value:  Size  Location     Type
                  1    wreg      void 
 Registers used:
		wreg, fsr0l, fsr0h, fsr1l, fsr1h, status,2, status,0, pclath, cstack
 Tracked objects:
		On entry : 
		On exit  : 
		Unchanged: 
 Data sizes:     COMMON   BANK0   BANK1   BANK2
      Params:         0       0       0       0
      Locals:         0       1       0       0
      Temps:          0       6       0       0
      Totals:         0       7       0       0
Total ram usage:        7 bytes
 Hardware stack levels used:    1
 Hardware stack levels required when called:    5
 This function calls:
		_UpdatePWM
 This function is called by:
		_manualMode
 This function uses a non-reentrant model


 *************** function _UpdateRTC *****************
 Defined at:
		line 6 in file "rtc.c"
 Parameters:    Size  Location     Type
		None
 Auto vars:     Size  Location     Type
		None
 Return value:  Size  Location     Type
                  1    wreg      void 
 Registers used:
		wreg
 Tracked objects:
		On entry : 
		On exit  : 
		Unchanged: 
 Data sizes:     COMMON   BANK0   BANK1   BANK2
      Params:         0       0       0       0
      Locals:         0       0       0       0
      Temps:          0       1       0       0
      Totals:         0       1       0       0
Total ram usage:        1 bytes
 Hardware stack levels used:    1
 Hardware stack levels required when called:    3
 This function calls:
		Nothing
 This function is called by:
		_main
 This function uses a non-reentrant model


 *************** function _TMR2_StartTimer *****************
 Defined at:
		line 35 in file "tmr.c"
 Parameters:    Size  Location     Type
		None
 Auto vars:     Size  Location     Type
		None
 Return value:  Size  Location     Type
                  1    wreg      void 
 Registers used:
		None
 Tracked objects:
		On entry : 
		On exit  : 
		Unchanged: 
 Data sizes:     COMMON   BANK0   BANK1   BANK2
      Params:         0       0       0       0
      Locals:         0       0       0       0
      Temps:          0       0       0       0
      Totals:         0       0       0       0
Total ram usage:        0 bytes
 Hardware stack levels used:    1
 Hardware stack levels required when called:    3
 This function calls:
		Nothing
 This function is called by:
		_main
 This function uses a non-reentrant model


 *************** function _TMR1_StartTimer *****************
 Defined at:
		line 27 in file "tmr.c"
 Parameters:    Size  Location     Type
		None
 Auto vars:     Size  Location     Type
		None
 Return value:  Size  Location     Type
                  1    wreg      void 
 Registers used:
		None
 Tracked objects:
		On entry : 
		On exit  : 
		Unchanged: 
 Data sizes:     COMMON   BANK0   BANK1   BANK2
      Params:         0       0       0       0
      Locals:         0       0       0       0
      Temps:          0       0       0       0
      Totals:         0       0       0       0
Total ram usage:        0 bytes
 Hardware stack levels used:    1
 Hardware stack levels required when called:    3
 This function calls:
		Nothing
 This function is called by:
		_main
 This function uses a non-reentrant model


 *************** function _SYSTEM_Initialize *****************
 Defined at:
		line 11 in file "command.c"
 Parameters:    Size  Location     Type
		None
 Auto vars:     Size  Location     Type
		None
 Return value:  Size  Location     Type
                  1    wreg      void 
 Registers used:
		wreg, status,2, status,0, pclath, cstack
 Tracked objects:
		On entry : 
		On exit  : 
		Unchanged: 
 Data sizes:     COMMON   BANK0   BANK1   BANK2
      Params:         0       0       0       0
      Locals:         0       0       0       0
      Temps:          0       0       0       0
      Totals:         0       0       0       0
Total ram usage:        0 bytes
 Hardware stack levels used:    1
 Hardware stack levels required when called:    4
 This function calls:
		_I2C_Initialize
		_InterruptOnChange_Initialize
		_OSCCON_Initialize
		_PIN_Initialize
		_PWM1_Initialize
		_PWM2_Initialize
		_PWM3_Initialize
		_PWM4_Initialize
		_TMR0_Initialize
		_TMR1_Initialize
		_TMR2_Initialize
 This function is called by:
		_main
 This function uses a non-reentrant model


 *************** function _TMR2_Initialize *****************
 Defined at:
		line 19 in file "tmr.c"
 Parameters:    Size  Location     Type
		None
 Auto vars:     Size  Location     Type
		None
 Return value:  Size  Location     Type
                  1    wreg      void 
 Registers used:
		wreg, status,2, status,0
 Tracked objects:
		On entry : 
		On exit  : 
		Unchanged: 
 Data sizes:     COMMON   BANK0   BANK1   BANK2
      Params:         0       0       0       0
      Locals:         0       0       0       0
      Temps:          0       0       0       0
      Totals:         0       0       0       0
Total ram usage:        0 bytes
 Hardware stack levels used:    1
 Hardware stack levels required when called:    3
 This function calls:
		Nothing
 This function is called by:
		_SYSTEM_Initialize
 This function uses a non-reentrant model


 *************** function _TMR1_Initialize *****************
 Defined at:
		line 7 in file "tmr.c"
 Parameters:    Size  Location     Type
		None
 Auto vars:     Size  Location     Type
		None
 Return value:  Size  Location     Type
                  1    wreg      void 
 Registers used:
		wreg, status,2, status,0
 Tracked objects:
		On entry : 
		On exit  : 
		Unchanged: 
 Data sizes:     COMMON   BANK0   BANK1   BANK2
      Params:         0       0       0       0
      Locals:         0       0       0       0
      Temps:          0       0       0       0
      Totals:         0       0       0       0
Total ram usage:        0 bytes
 Hardware stack levels used:    1
 Hardware stack levels required when called:    3
 This function calls:
		Nothing
 This function is called by:
		_SYSTEM_Initialize
 This function uses a non-reentrant model


 *************** function _TMR0_Initialize *****************
 Defined at:
		line 3 in file "tmr.c"
 Parameters:    Size  Location     Type
		None
 Auto vars:     Size  Location     Type
		None
 Return value:  Size  Location     Type
                  1    wreg      void 
 Registers used:
		wreg
 Tracked objects:
		On entry : 
		On exit  : 
		Unchanged: 
 Data sizes:     COMMON   BANK0   BANK1   BANK2
      Params:         0       0       0       0
      Locals:         0       0       0       0
      Temps:          0       0       0       0
      Totals:         0       0       0       0
Total ram usage:        0 bytes
 Hardware stack levels used:    1
 Hardware stack levels required when called:    3
 This function calls:
		Nothing
 This function is called by:
		_SYSTEM_Initialize
 This function uses a non-reentrant model


 *************** function _PWM4_Initialize *****************
 Defined at:
		line 69 in file "pwm.c"
 Parameters:    Size  Location     Type
		None
 Auto vars:     Size  Location     Type
		None
 Return value:  Size  Location     Type
                  1    wreg      void 
 Registers used:
		status,2
 Tracked objects:
		On entry : 
		On exit  : 
		Unchanged: 
 Data sizes:     COMMON   BANK0   BANK1   BANK2
      Params:         0       0       0       0
      Locals:         0       0       0       0
      Temps:          0       0       0       0
      Totals:         0       0       0       0
Total ram usage:        0 bytes
 Hardware stack levels used:    1
 Hardware stack levels required when called:    3
 This function calls:
		Nothing
 This function is called by:
		_SYSTEM_Initialize
 This function uses a non-reentrant model


 *************** function _PWM3_Initialize *****************
 Defined at:
		line 47 in file "pwm.c"
 Parameters:    Size  Location     Type
		None
 Auto vars:     Size  Location     Type
		None
 Return value:  Size  Location     Type
                  1    wreg      void 
 Registers used:
		status,2
 Tracked objects:
		On entry : 
		On exit  : 
		Unchanged: 
 Data sizes:     COMMON   BANK0   BANK1   BANK2
      Params:         0       0       0       0
      Locals:         0       0       0       0
      Temps:          0       0       0       0
      Totals:         0       0       0       0
Total ram usage:        0 bytes
 Hardware stack levels used:    1
 Hardware stack levels required when called:    3
 This function calls:
		Nothing
 This function is called by:
		_SYSTEM_Initialize
 This function uses a non-reentrant model


 *************** function _PWM2_Initialize *****************
 Defined at:
		line 25 in file "pwm.c"
 Parameters:    Size  Location     Type
		None
 Auto vars:     Size  Location     Type
		None
 Return value:  Size  Location     Type
                  1    wreg      void 
 Registers used:
		status,2
 Tracked objects:
		On entry : 
		On exit  : 
		Unchanged: 
 Data sizes:     COMMON   BANK0   BANK1   BANK2
      Params:         0       0       0       0
      Locals:         0       0       0       0
      Temps:          0       0       0       0
      Totals:         0       0       0       0
Total ram usage:        0 bytes
 Hardware stack levels used:    1
 Hardware stack levels required when called:    3
 This function calls:
		Nothing
 This function is called by:
		_SYSTEM_Initialize
 This function uses a non-reentrant model


 *************** function _PWM1_Initialize *****************
 Defined at:
		line 3 in file "pwm.c"
 Parameters:    Size  Location     Type
		None
 Auto vars:     Size  Location     Type
		None
 Return value:  Size  Location     Type
                  1    wreg      void 
 Registers used:
		status,2
 Tracked objects:
		On entry : 
		On exit  : 
		Unchanged: 
 Data sizes:     COMMON   BANK0   BANK1   BANK2
      Params:         0       0       0       0
      Locals:         0       0       0       0
      Temps:          0       0       0       0
      Totals:         0       0       0       0
Total ram usage:        0 bytes
 Hardware stack levels used:    1
 Hardware stack levels required when called:    3
 This function calls:
		Nothing
 This function is called by:
		_SYSTEM_Initialize
 This function uses a non-reentrant model


 *************** function _PIN_Initialize *****************
 Defined at:
		line 3 in file "pin.c"
 Parameters:    Size  Location     Type
		None
 Auto vars:     Size  Location     Type
		None
 Return value:  Size  Location     Type
                  1    wreg      void 
 Registers used:
		status,2
 Tracked objects:
		On entry : 
		On exit  : 
		Unchanged: 
 Data sizes:     COMMON   BANK0   BANK1   BANK2
      Params:         0       0       0       0
      Locals:         0       0       0       0
      Temps:          0       0       0       0
      Totals:         0       0       0       0
Total ram usage:        0 bytes
 Hardware stack levels used:    1
 Hardware stack levels required when called:    3
 This function calls:
		Nothing
 This function is called by:
		_SYSTEM_Initialize
 This function uses a non-reentrant model


 *************** function _OSCCON_Initialize *****************
 Defined at:
		line 3 in file "osccon.c"
 Parameters:    Size  Location     Type
		None
 Auto vars:     Size  Location     Type
		None
 Return value:  Size  Location     Type
                  1    wreg      void 
 Registers used:
		wreg, status,2, status,0
 Tracked objects:
		On entry : 
		On exit  : 
		Unchanged: 
 Data sizes:     COMMON   BANK0   BANK1   BANK2
      Params:         0       0       0       0
      Locals:         0       0       0       0
      Temps:          0       0       0       0
      Totals:         0       0       0       0
Total ram usage:        0 bytes
 Hardware stack levels used:    1
 Hardware stack levels required when called:    3
 This function calls:
		Nothing
 This function is called by:
		_SYSTEM_Initialize
 This function uses a non-reentrant model


 *************** function _InterruptOnChange_Initialize *****************
 Defined at:
		line 3 in file "interruptOnChange.c"
 Parameters:    Size  Location     Type
		None
 Auto vars:     Size  Location     Type
		None
 Return value:  Size  Location     Type
                  1    wreg      void 
 Registers used:
		status,2
 Tracked objects:
		On entry : 
		On exit  : 
		Unchanged: 
 Data sizes:     COMMON   BANK0   BANK1   BANK2
      Params:         0       0       0       0
      Locals:         0       0       0       0
      Temps:          0       0       0       0
      Totals:         0       0       0       0
Total ram usage:        0 bytes
 Hardware stack levels used:    1
 Hardware stack levels required when called:    3
 This function calls:
		Nothing
 This function is called by:
		_SYSTEM_Initialize
 This function uses a non-reentrant model


 *************** function _I2C_Initialize *****************
 Defined at:
		line 9 in file "i2c.c"
 Parameters:    Size  Location     Type
		None
 Auto vars:     Size  Location     Type
		None
 Return value:  Size  Location     Type
                  1    wreg      void 
 Registers used:
		wreg, status,2, status,0
 Tracked objects:
		On entry : 
		On exit  : 
		Unchanged: 
 Data sizes:     COMMON   BANK0   BANK1   BANK2
      Params:         0       0       0       0
      Locals:         0       0       0       0
      Temps:          0       0       0       0
      Totals:         0       0       0       0
Total ram usage:        0 bytes
 Hardware stack levels used:    1
 Hardware stack levels required when called:    3
 This function calls:
		Nothing
 This function is called by:
		_SYSTEM_Initialize
 This function uses a non-reentrant model


 *************** function _ResetState *****************
 Defined at:
		line 31 in file "IR_Decode.c"
 Parameters:    Size  Location     Type
		None
 Auto vars:     Size  Location     Type
		None
 Return value:  Size  Location     Type
                  1    wreg      void 
 Registers used:
		status,2
 Tracked objects:
		On entry : 
		On exit  : 
		Unchanged: 
 Data sizes:     COMMON   BANK0   BANK1   BANK2
      Params:         0       0       0       0
      Locals:         0       0       0       0
      Temps:          0       0       0       0
      Totals:         0       0       0       0
Total ram usage:        0 bytes
 Hardware stack levels used:    1
 Hardware stack levels required when called:    3
 This function calls:
		Nothing
 This function is called by:
		_main
 This function uses a non-reentrant model


 *************** function _LedUpdate *****************
 Defined at:
		line 41 in file "led.c"
 Parameters:    Size  Location     Type
		None
 Auto vars:     Size  Location     Type
  i               1   15[BANK0 ] unsigned char 
 Return value:  Size  Location     Type
                  1    wreg      void 
 Registers used:
		wreg, fsr1l, fsr1h, status,2, status,0, pclath, cstack
 Tracked objects:
		On entry : 
		On exit  : 
		Unchanged: 
 Data sizes:     COMMON   BANK0   BANK1   BANK2
      Params:         0       0       0       0
      Locals:         0       1       0       0
      Temps:          0       1       0       0
      Totals:         0       2       0       0
Total ram usage:        2 bytes
 Hardware stack levels used:    1
 Hardware stack levels required when called:    6
 This function calls:
		_SaveLedPara
 This function is called by:
		_main
 This function uses a non-reentrant model


 *************** function _SaveLedPara *****************
 Defined at:
		line 25 in file "led.c"
 Parameters:    Size  Location     Type
		None
 Auto vars:     Size  Location     Type
  len             1   13[BANK0 ] unsigned char 
  cnt             1   12[BANK0 ] unsigned char 
  offset          1   11[BANK0 ] unsigned char 
  pbuf            1   10[BANK0 ] PTR unsigned char 
		 -> gLedPara(11), 
 Return value:  Size  Location     Type
                  1    wreg      void 
 Registers used:
		wreg, fsr1l, fsr1h, status,2, status,0, pclath, cstack
 Tracked objects:
		On entry : 
		On exit  : 
		Unchanged: 
 Data sizes:     COMMON   BANK0   BANK1   BANK2
      Params:         0       0       0       0
      Locals:         0       6       0       0
      Temps:          0       2       0       0
      Totals:         0       8       0       0
Total ram usage:        8 bytes
 Hardware stack levels used:    1
 Hardware stack levels required when called:    5
 This function calls:
		_I2C_WriteBuffer
 This function is called by:
		_LedUpdate
 This function uses a non-reentrant model


 *************** function _I2C_WriteBuffer *****************
 Defined at:
		line 66 in file "i2c.c"
 Parameters:    Size  Location     Type
  suba            1    wreg     unsigned char 
  pbuf            1    0[BANK0 ] PTR unsigned char 
		 -> gLedPara(11), 
  len             1    1[BANK0 ] unsigned char 
 Auto vars:     Size  Location     Type
  suba            1    3[BANK0 ] unsigned char 
  i               1    5[BANK0 ] unsigned char 
  n               1    4[BANK0 ] unsigned char 
 Return value:  Size  Location     Type
                  1    wreg      void 
 Registers used:
		wreg, fsr1l, fsr1h, status,2, status,0, pclath, cstack
 Tracked objects:
		On entry : 
		On exit  : 
		Unchanged: 
 Data sizes:     COMMON   BANK0   BANK1   BANK2
      Params:         0       2       0       0
      Locals:         0       3       0       0
      Temps:          0       1       0       0
      Totals:         0       6       0       0
Total ram usage:        6 bytes
 Hardware stack levels used:    1
 Hardware stack levels required when called:    4
 This function calls:
		_CheckSSPIF
 This function is called by:
		_SaveLedPara
 This function uses a non-reentrant model


 *************** function _LedParaInit *****************
 Defined at:
		line 181 in file "led.c"
 Parameters:    Size  Location     Type
		None
 Auto vars:     Size  Location     Type
  i               1    9[BANK0 ] unsigned char 
 Return value:  Size  Location     Type
                  1    wreg      void 
 Registers used:
		wreg, fsr1l, fsr1h, status,2, status,0, pclath, cstack
 Tracked objects:
		On entry : 
		On exit  : 
		Unchanged: 
 Data sizes:     COMMON   BANK0   BANK1   BANK2
      Params:         0       0       0       0
      Locals:         0       1       0       0
      Temps:          0       2       0       0
      Totals:         0       3       0       0
Total ram usage:        3 bytes
 Hardware stack levels used:    1
 Hardware stack levels required when called:    5
 This function calls:
		_I2C_ReadBuffer
 This function is called by:
		_main
 This function uses a non-reentrant model


 *************** function _I2C_ReadBuffer *****************
 Defined at:
		line 162 in file "i2c.c"
 Parameters:    Size  Location     Type
  suba            1    wreg     unsigned char 
  pbuf            1    0[BANK0 ] PTR unsigned char 
		 -> gLedPara(11), 
  len             1    1[BANK0 ] unsigned char 
 Auto vars:     Size  Location     Type
  suba            1    4[BANK0 ] unsigned char 
  i               1    6[BANK0 ] unsigned char 
  n               1    5[BANK0 ] unsigned char 
 Return value:  Size  Location     Type
                  1    wreg      void 
 Registers used:
		wreg, fsr1l, fsr1h, status,2, status,0, pclath, cstack
 Tracked objects:
		On entry : 
		On exit  : 
		Unchanged: 
 Data sizes:     COMMON   BANK0   BANK1   BANK2
      Params:         0       2       0       0
      Locals:         0       3       0       0
      Temps:          0       2       0       0
      Totals:         0       7       0       0
Total ram usage:        7 bytes
 Hardware stack levels used:    1
 Hardware stack levels required when called:    4
 This function calls:
		_CheckSSPIF
 This function is called by:
		_LedParaInit
 This function uses a non-reentrant model


 *************** function _CheckSSPIF *****************
 Defined at:
		line 20 in file "i2c.c"
 Parameters:    Size  Location     Type
		None
 Auto vars:     Size  Location     Type
		None
 Return value:  Size  Location     Type
                  1    wreg      void 
 Registers used:
		None
 Tracked objects:
		On entry : 
		On exit  : 
		Unchanged: 
 Data sizes:     COMMON   BANK0   BANK1   BANK2
      Params:         0       0       0       0
      Locals:         0       0       0       0
      Temps:          0       0       0       0
      Totals:         0       0       0       0
Total ram usage:        0 bytes
 Hardware stack levels used:    1
 Hardware stack levels required when called:    3
 This function calls:
		Nothing
 This function is called by:
		_I2C_WriteBuffer
		_I2C_ReadBuffer
		_I2C_WriteByte
		_I2C_ReadByte
 This function uses a non-reentrant model


 *************** function _AutoMode *****************
 Defined at:
		line 115 in file "led.c"
 Parameters:    Size  Location     Type
		None
 Auto vars:     Size  Location     Type
  dTime           4   23[BANK0 ] long 
  i               1   29[BANK0 ] unsigned char 
  pendBright      1   28[BANK0 ] PTR unsigned char 
		 -> gLedPara.nightBright(2), gLedPara.dayBright(2), gLedPara(11), 
  pstartBright    1   27[BANK0 ] PTR unsigned char 
		 -> gLedPara.nightBright(2), gLedPara.dayBright(2), gLedPara(11), 
 Return value:  Size  Location     Type
                  1    wreg      void 
 Registers used:
		wreg, fsr0l, fsr0h, fsr1l, fsr1h, status,2, status,0, pclath, cstack
 Tracked objects:
		On entry : 
		On exit  : 
		Unchanged: 
 Data sizes:     COMMON   BANK0   BANK1   BANK2
      Params:         0       0       0       0
      Locals:         0       7       0       0
      Temps:          0       9       0       0
      Totals:         0      16       0       0
Total ram usage:       16 bytes
 Hardware stack levels used:    1
 Hardware stack levels required when called:    5
 This function calls:
		_PWM1_Enable
		_PWM2_Enable
		_TimeChangeSec
		_UpdatePWM
		___wmul
 This function is called by:
		_main
 This function uses a non-reentrant model


 *************** function _UpdatePWM *****************
 Defined at:
		line 18 in file "led.c"
 Parameters:    Size  Location     Type
		None
 Auto vars:     Size  Location     Type
		None
 Return value:  Size  Location     Type
                  1    wreg      void 
 Registers used:
		wreg, status,2, status,0, pclath, cstack
 Tracked objects:
		On entry : 
		On exit  : 
		Unchanged: 
 Data sizes:     COMMON   BANK0   BANK1   BANK2
      Params:         0       0       0       0
      Locals:         0       0       0       0
      Temps:          0       0       0       0
      Totals:         0       0       0       0
Total ram usage:        0 bytes
 Hardware stack levels used:    1
 Hardware stack levels required when called:    4
 This function calls:
		_PWM1_LoadDutyValue
		_PWM2_LoadDutyValue
 This function is called by:
		_LedUpdatePara
		_AutoMode
 This function uses a non-reentrant model


 *************** function _PWM2_LoadDutyValue *****************
 Defined at:
		line 42 in file "pwm.c"
 Parameters:    Size  Location     Type
  dutyValue       2    0[BANK0 ] unsigned int 
 Auto vars:     Size  Location     Type
		None
 Return value:  Size  Location     Type
                  1    wreg      void 
 Registers used:
		wreg, status,2, status,0
 Tracked objects:
		On entry : 
		On exit  : 
		Unchanged: 
 Data sizes:     COMMON   BANK0   BANK1   BANK2
      Params:         0       2       0       0
      Locals:         0       0       0       0
      Temps:          0       2       0       0
      Totals:         0       4       0       0
Total ram usage:        4 bytes
 Hardware stack levels used:    1
 Hardware stack levels required when called:    3
 This function calls:
		Nothing
 This function is called by:
		_UpdatePWM
 This function uses a non-reentrant model


 *************** function _PWM1_LoadDutyValue *****************
 Defined at:
		line 20 in file "pwm.c"
 Parameters:    Size  Location     Type
  dutyValue       2    0[BANK0 ] unsigned int 
 Auto vars:     Size  Location     Type
		None
 Return value:  Size  Location     Type
                  1    wreg      void 
 Registers used:
		wreg, status,2, status,0
 Tracked objects:
		On entry : 
		On exit  : 
		Unchanged: 
 Data sizes:     COMMON   BANK0   BANK1   BANK2
      Params:         0       2       0       0
      Locals:         0       0       0       0
      Temps:          0       2       0       0
      Totals:         0       4       0       0
Total ram usage:        4 bytes
 Hardware stack levels used:    1
 Hardware stack levels required when called:    3
 This function calls:
		Nothing
 This function is called by:
		_UpdatePWM
 This function uses a non-reentrant model


 *************** function _TimeChangeSec *****************
 Defined at:
		line 109 in file "led.c"
 Parameters:    Size  Location     Type
		None
 Auto vars:     Size  Location     Type
		None
 Return value:  Size  Location     Type
                  1    wreg      void 
 Registers used:
		wreg, status,2, status,0, pclath, cstack
 Tracked objects:
		On entry : 
		On exit  : 
		Unchanged: 
 Data sizes:     COMMON   BANK0   BANK1   BANK2
      Params:         0       0       0       0
      Locals:         0       2       0       0
      Temps:          0       6       0       0
      Totals:         0       8       0       0
Total ram usage:        8 bytes
 Hardware stack levels used:    1
 Hardware stack levels required when called:    4
 This function calls:
		___wmul
 This function is called by:
		_AutoMode
 This function uses a non-reentrant model


 *************** function ___wmul *****************
 Defined at:
		line 15 in file "D:\Program Files\Microchip\xc8\v1.41\sources\common\Umul16.c"
 Parameters:    Size  Location     Type
  multiplier      2    0[BANK0 ] unsigned int 
  multiplicand    2    2[BANK0 ] unsigned int 
 Auto vars:     Size  Location     Type
  product         2    4[BANK0 ] unsigned int 
 Return value:  Size  Location     Type
                  2    0[BANK0 ] unsigned int 
 Registers used:
		wreg, status,2, status,0
 Tracked objects:
		On entry : 
		On exit  : 
		Unchanged: 
 Data sizes:     COMMON   BANK0   BANK1   BANK2
      Params:         0       4       0       0
      Locals:         0       2       0       0
      Temps:          0       0       0       0
      Totals:         0       6       0       0
Total ram usage:        6 bytes
 Hardware stack levels used:    1
 Hardware stack levels required when called:    3
 This function calls:
		Nothing
 This function is called by:
		_manualMode
		_TimeChangeSec
		_AutoMode
 This function uses a non-reentrant model


 *************** function _PWM2_Enable *****************
 Defined at:
		line 34 in file "pwm.c"
 Parameters:    Size  Location     Type
		None
 Auto vars:     Size  Location     Type
		None
 Return value:  Size  Location     Type
                  1    wreg      void 
 Registers used:
		None
 Tracked objects:
		On entry : 
		On exit  : 
		Unchanged: 
 Data sizes:     COMMON   BANK0   BANK1   BANK2
      Params:         0       0       0       0
      Locals:         0       0       0       0
      Temps:          0       0       0       0
      Totals:         0       0       0       0
Total ram usage:        0 bytes
 Hardware stack levels used:    1
 Hardware stack levels required when called:    3
 This function calls:
		Nothing
 This function is called by:
		_manualMode
		_AutoMode
 This function uses a non-reentrant model


 *************** function _PWM1_Enable *****************
 Defined at:
		line 12 in file "pwm.c"
 Parameters:    Size  Location     Type
		None
 Auto vars:     Size  Location     Type
		None
 Return value:  Size  Location     Type
                  1    wreg      void 
 Registers used:
		None
 Tracked objects:
		On entry : 
		On exit  : 
		Unchanged: 
 Data sizes:     COMMON   BANK0   BANK1   BANK2
      Params:         0       0       0       0
      Locals:         0       0       0       0
      Temps:          0       0       0       0
      Totals:         0       0       0       0
Total ram usage:        0 bytes
 Hardware stack levels used:    1
 Hardware stack levels required when called:    3
 This function calls:
		Nothing
 This function is called by:
		_manualMode
		_AutoMode
 This function uses a non-reentrant model


 *************** function _INTERRUPT_interruptManager *****************
 Defined at:
		line 25 in file "command.c"
 Parameters:    Size  Location     Type
		None
 Auto vars:     Size  Location     Type
		None
 Return value:  Size  Location     Type
                  1    wreg      void 
 Registers used:
		wreg, fsr0l, fsr0h, fsr1l, fsr1h, status,2, status,0, pclath, cstack
 Tracked objects:
		On entry : 
		On exit  : 
		Unchanged: 
 Data sizes:     COMMON   BANK0   BANK1   BANK2
      Params:         0       0       0       0
      Locals:         0       0       0       0
      Temps:          1       0       0       0
      Totals:         1       0       0       0
Total ram usage:        1 bytes
 Hardware stack levels used:    1
 Hardware stack levels required when called:    2
 This function calls:
		_Decode
		_RunRTC
 This function is called by:
		Interrupt level 1
 This function uses a non-reentrant model


 *************** function _RunRTC *****************
 Defined at:
		line 11 in file "rtc.c"
 Parameters:    Size  Location     Type
		None
 Auto vars:     Size  Location     Type
		None
 Return value:  Size  Location     Type
                  1    wreg      void 
 Registers used:
		wreg, status,2, status,0
 Tracked objects:
		On entry : 
		On exit  : 
		Unchanged: 
 Data sizes:     COMMON   BANK0   BANK1   BANK2
      Params:         0       0       0       0
      Locals:         0       0       0       0
      Temps:          1       0       0       0
      Totals:         1       0       0       0
Total ram usage:        1 bytes
 Hardware stack levels used:    1
 This function calls:
		Nothing
 This function is called by:
		_INTERRUPT_interruptManager
 This function uses a non-reentrant model


 *************** function _Decode *****************
 Defined at:
		line 40 in file "IR_Decode.c"
 Parameters:    Size  Location     Type
		None
 Auto vars:     Size  Location     Type
		None
 Return value:  Size  Location     Type
                  1    wreg      void 
 Registers used:
		wreg, fsr0l, fsr0h, fsr1l, fsr1h, status,2, status,0, pclath, cstack
 Tracked objects:
		On entry : 
		On exit  : 
		Unchanged: 
 Data sizes:     COMMON   BANK0   BANK1   BANK2
      Params:         0       0       0       0
      Locals:         0       0       0       0
      Temps:          2       0       0       0
      Totals:         2       0       0       0
Total ram usage:        2 bytes
 Hardware stack levels used:    1
 Hardware stack levels required when called:    1
 This function calls:
		_CheckSum
 This function is called by:
		_INTERRUPT_interruptManager
 This function uses a non-reentrant model


 *************** function _CheckSum *****************
 Defined at:
		line 21 in file "IR_Decode.c"
 Parameters:    Size  Location     Type
  pbuf            1    wreg     PTR unsigned char 
		 -> IR_ReveiveDataStructure(14), 
  len             1    0[COMMON] unsigned char 
 Auto vars:     Size  Location     Type
  pbuf            1    3[COMMON] PTR unsigned char 
		 -> IR_ReveiveDataStructure(14), 
  i               1    5[COMMON] unsigned char 
  result          1    4[COMMON] unsigned char 
 Return value:  Size  Location     Type
                  1    wreg      unsigned char 
 Registers used:
		wreg, fsr1l, fsr1h, status,2, status,0
 Tracked objects:
		On entry : 
		On exit  : 
		Unchanged: 
 Data sizes:     COMMON   BANK0   BANK1   BANK2
      Params:         1       0       0       0
      Locals:         3       0       0       0
      Temps:          2       0       0       0
      Totals:         6       0       0       0
Total ram usage:        6 bytes
 Hardware stack levels used:    1
 This function calls:
		Nothing
 This function is called by:
		_Decode
 This function uses a non-reentrant model



MODULE INFORMATION

Module		Function		Class		Link	Load	Size
osccon.c
		_OSCCON_Initialize		CODE           	069A	0000	9

osccon.c estimated size: 9

i2c.c
		_I2C_ReadBuffer		CODE           	01FA	0000	137
		_I2C_Initialize		CODE           	0679	0000	14
		_CheckSSPIF    		CODE           	06D3	0000	6
		_I2C_WriteBuffer		CODE           	04A2	0000	80

i2c.c estimated size: 237

D:\Program Files\Microchip\xc8\v1.41\sources\common\Umul16.c
		___wmul        		CODE           	05DC	0000	29

D:\Program Files\Microchip\xc8\v1.41\sources\common\Umul16.c estimated size: 29

pwm.c
		_PWM1_Initialize		CODE           	06BF	0000	8
		_PWM1_Enable   		CODE           	06EB	0000	4
		_PWM2_Initialize		CODE           	06B8	0000	8
		_PWM2_Enable   		CODE           	06E8	0000	4
		_PWM3_Initialize		CODE           	06B1	0000	8
		_PWM4_Initialize		CODE           	06AA	0000	8
		_PWM1_Disable  		CODE           	06DF	0000	4
		_PWM2_Disable  		CODE           	06DC	0000	4
		_PWM1_LoadDutyValue		CODE           	0611	0000	26
		_PWM2_LoadDutyValue		CODE           	05F8	0000	26

pwm.c estimated size: 100

IR_Decode.c
		_ResetState    		CODE           	06A2	0000	9
		_CheckSum      		CODE           	0642	0000	25
		_Decode        		CODE           	0308	0000	124

IR_Decode.c estimated size: 158

tmr.c
		_TMR1_Initialize		CODE           	066A	0000	16
		_TMR2_Initialize		CODE           	0690	0000	11
		_TMR1_StartTimer		CODE           	06E5	0000	4
		_TMR2_StartTimer		CODE           	06E2	0000	4
		_TMR0_Initialize		CODE           	06D8	0000	5

tmr.c estimated size: 40

shared
		__initialization		CODE           	001F	0000	17

shared estimated size: 17

pin.c
		_PIN_Initialize		CODE           	062A	0000	25

pin.c estimated size: 25

rtc.c
		_UpdateRTC     		CODE           	0686	0000	11
		_RunRTC        		CODE           	05BF	0000	30

rtc.c estimated size: 41

interruptOnChange.c
		_InterruptOnChange_Initialize		CODE           	06C6	0000	8

interruptOnChange.c estimated size: 8

command.c
		_INTERRUPT_interruptManager		CODE           	0004	0000	26
		_SYSTEM_Initialize		CODE           	059E	0000	34

command.c estimated size: 60

main.c
		_main          		CODE           	0570	0000	47

main.c estimated size: 47

led.c
		_AutoMode      		CODE           	0033	0000	456
		_LedUpdate     		CODE           	044E	0000	85
		_LedUpdatePara 		CODE           	0383	0000	111
		_SaveLedPara   		CODE           	0537	0000	58
		_TimeChangeSec 		CODE           	0282	0000	135
		_UpdatePWM     		CODE           	065A	0000	17
		_LedParaInit   		CODE           	03F1	0000	94
		_manualMode    		CODE           	04F1	0000	71

led.c estimated size: 1027

